n:[0m
[0;32mI (273) heap_init: At 3FFAE6E0 len 00001920 (6 Ki9) heap_init: At 3FFB29C8 len 0002D638 (181 KiB): DRAM[0m
[0;32mI (285) heap_init: At 3FFEï¿½ets Jul 29 2019 12:21:46

rst:0x1 (POWERON_RESET),boot:0x13 (SPI_FAST_FLASH_BOOT)
configsip: 0, SPIWP:0xee
clk_drv:0x00,q_drv:0x00,d_drv:0x00,cs0_drv:0x00,hd_drv:0x00,wp_drv:0x00
mode:DIO, clock div:2
load:0x3fff0030,len:7136
load:0x40078000,len:15780
ho 0 tail 12 room 4
load:0x40080400,len:4
load:0x40080404,len:3884
entry 0x40080650
[0;32mI (31) boot: ESP-IDF v5.2-dev-2934-g3b748a6cb7 2nd stage bootloader[0m
[0;32mI (31) boot: compile time Sep 20 2023 21:30:21[0m
[0;32mI (33) boot: Multicore bootloader[0m
[0;32mI (37) boot: chip revision: v3.0[0m
[0;32mI (41) boot.esp32: SPI Speed      : 40MHz[0m
[0;32mI (46) boot.esp32: SPI Mode       : DIO[0m
[0;32mI (50) boot.esp32: SPI Flash Size : 2MB[0m
[0;32mI (55) boot: Enabling RNG early entropy source...[0m
[0;32mI (60) boot: Partition Table:[0m
[0;32mI (64) boot: ## Label            Usage          Type ST Offset   Length[0m
[0;32mI (71) boot:  0 nvs              WiFi data        01 02 00009000 00006000[0m
[0;32mI (78) boot:  1 phy_init         RF data          01 01 0000f000 00001000[0m
[0;32mI (86) boot:  2 factory          factory app      00 00 00010000 00100000[0m
[0;32mI (93) boot: End of partition table[0m
[0;32mI (97) esp_image: segment 0: paddr=00010020 vaddr=3f400020 size=0a28ch ( 41612) map[0m
[0;32mI (121) esp_image: segment 1: paddr=0001a2b4 vaddr=3ffb0000 size=0214ch (  8524) load[0m
[0;32mI (125) esp_image: segment 2: paddr=0001c408 vaddr=40080000 size=03c10h ( 15376) load[0m
[0;32mI (133) esp_image: segment 3: paddr=00020020 vaddr=400d0020 size=1514ch ( 86348) map[0m
[0;32mI (166) esp_image: segment 4: paddr=00035174 vaddr=40083c10 size=086dch ( 34524) load[0m
[0;32mI (187) boot: Loaded app from partition at offset 0x10000[0m
[0;32mI (187) boot: Disabling RNG early entropy source...[0m
[0;32mI (199) cpu_start: Multicore app[0m
[0;32mI (199) cpu_start: Pro cpu up.[0m
[0;32mI (199) cpu_start: Starting app cpu, entry point is 0x40081044[0m
[0;32mI (0) cpu_start: App cpu up.[0m
[0;32mI (217) cpu_start: Pro cpu start user code[0m
[0;32mI (217) cpu_start: cpu freq: 160000000 Hz[0m
[0;32mI (217) cpu_start: Application information:[0m
[0;32mI (222) cpu_start: Project name:     ButtonBlink[0m
[0;32mI (227) cpu_start: App version:      58ef3a0-dirty[0m
[0;32mI (233) cpu_start: Compile time:     Sep 21 2023 13:03:25[0m
[0;32mI (239) cpu_start: ELF file SHA256:  e9ea5842f...[0m
[0;32mI (244) cpu_start: ESP-IDF:          v5.2-dev-2934-g3b748a6cb7-dirty[0m
[0;32mI (251) cpu_start: Min chip rev:     v0.0[0m
[0;32mI (256) cpu_start: Max chip rev:     v3.99 [0m
[0;32mI (261) cpu_start: Chip rev:         v3.0[0m
[0;32mI (266) heap_init: Initializing. RAM available for dynamic allocation:[0m
[0;32mI (273) heap_init: At 3FFAE6E0 len 00001920 (6 KiB): DRAM[0m
[0;32mI (279) heap_init: At 3FFB29C8 len 0002D638 (181 KiB): DRAM[0m
[0;32mI (285) heap_init: At 3FFE0440 len 00003AE0 (14 KiB): D/IRAM[0m
[0;32mI (291) heap_init: At 3FFE4350 len 0001BCB0 (111 KiB): D/IRAM[0m
[0;32mI (298) heap_init: At 4008C2EC len 00013D14 (79 KiB): IRAM[0m
[0;32mI (305) spi_flash: detected chip: generic[0m
[0;32mI (309) spi_flash: flash io: dio[0m
[0;33mW (312) spi_flash: Detected size(4096k) larger than the size in the binary image header(2048k). Using the size in the binary image header.[0m
[0;32mI (326) app_start: Starting scheduler on CPU0[0m
[0;32mI (331) app_start: Starting scheduler on CPU1[0m
[0;32mI (331) main_task: Started on CPU0[0m
[0;32mI (341) main_task: Calling app_main()[0m
[0;32mI (341) gpio: GPIO[4]| InputEn: 1| OutputEn: 0| OpenDrain: 0| Pullup: 1| Pulldown: 1| Intr:1 [0m
[0;32mI (351) gpio: GPIO[36]| InputEn: 1| OutputEn: 0| OpenDrain: 0| Pullup: 1| Pulldown: 1| Intr:1 [0m
[0;31mE (361) gpio: gpio_install_isr_service(505): GPIO isr service already installed[0m
Everything initialized. Waiting for button presses...
[0;32mI (371) main_task: Returned from app_main()[0m

abort() was called at PC 0x4008265f on core 0


Backtrace: 0x40081616:0x3ffb0830 0x40085985:0x3ffb0850 0x4008ac6e:0x3ffb0870 0x4008265f:0x3ffb08e0 0x4008279d:0x3ffb0910 0x40082816:0x3ffb0930 0x400da792:0x3ffb0960 0x400d9ec1:0x3ffb0c80 0x40082c3e:0x3ffb0cd0 0x4008320a:0x3ffb0cf0 0x400832db:0x3ffb0d20 0x40083109:0x3ffb0d50 0x400847bb:0x3ffb5290 0x400d20a7:0x3ffb52b0 0x400865ee:0x3ffb52d0 0x40087df1:0x3ffb52f0




ELF file SHA256: e9ea5842f

Rebooting...
ets Jul 29 2019 12:21:46

rst:0xc (SW_CPU_RESET),boot:0x13 (SPI_FAST_FLASH_BOOT)
configsip: 0, SPIWP:0xee
clk_drv:0x00,q_drv:0x00,d_drv:0x00,cs0_drv:0x00,hd_drv:0x00,wp_drv:0x00
mode:DIO, clock div:2
load:0x3fff0030,len:7136
load:0x40078000,len:15780
ho 0 tail 12 room 4
load:0x40080400,len:4
load:0x40080404,len:3884
entry 0x40080650
[0;32mI (31) boot: ESP-IDF v5.2-dev-2934-g3b748a6cb7 2nd stage bootloader[0m
[0;32mI (31) boot: compile time Sep 20 2023 21:30:21[0m
[0;32mI (33) boot: Multicore bootloader[0m
[0;32mI (37) boot: chip revision: v3.0[0m
[0;32mI (41) boot.esp32: SPI Speed      : 40MHz[0m
[0;32mI (45) boot.esp32: SPI Mode       : DIO[0m
[0;32mI (50) boot.esp32: SPI Flash Size : 2MB[0m
[0;32mI (54) boot: Enabling RNG early entropy source...[0m
[0;32mI (60) boot: Partition Table:[0m
[0;32mI (63) boot: ## Label            Usage          Type ST Offset   Length[0m
[0;32mI (71) boot:  0 nvs              WiFi data        01 02 00009000 00006000[0m
[0;32mI (78) boot:  1 phy_init         RF data          01 01 0000f000 00001000[0m
[0;32mI (86) boot:  2 factory          factory app      00 00 00010000 00100000[0m
[0;32mI (93) boot: End of partition table[0m
[0;32mI (97) esp_image: segment 0: paddr=00010020 vaddr=3f400020 size=0a28ch ( 41612) map[0m
[0;32mI (121) esp_image: segment 1: paddr=0001a2b4 vaddr=3ffb0000 size=0214ch (  8524) load[0m
[0;32mI (125) esp_image: segment 2: paddr=0001c408 vaddr=40080000 size=03c10h ( 15376) load[0m
[0;32mI (133) esp_image: segment 3: paddr=00020020 vaddr=400d0020 size=1514ch ( 86348) map[0m
[0;32mI (166) esp_image: segment 4: paddr=00035174 vaddr=40083c10 size=086dch ( 34524) load[0m
[0;32mI (187) boot: Loaded app from partition at offset 0x10000[0m
[0;32mI (187) boot: Disabling RNG early entropy source...[0m
[0;32mI (199) cpu_start: Multicore app[0m
[0;32mI (199) cpu_start: Pro cpu up.[0m
[0;32mI (199) cpu_start: Starting app cpu, entry point is 0x40081044[0m
[0;32mI (186) cpu_start: App cpu up.[0m
[0;32mI (217) cpu_start: Pro cpu start user code[0m
[0;32mI (217) cpu_start: cpu freq: 160000000 Hz[0m
[0;32mI (217) cpu_start: Application information:[0m
[0;32mI (222) cpu_start: Project name:     ButtonBlink[0m
[0;32mI (227) cpu_start: App version:      58ef3a0-dirty[0m
[0;32mI (233) cpu_start: Compile time:     Sep 21 2023 13:03:25[0m
[0;32mI (239) cpu_start: ELF file SHA256:  e9ea5842f...[0m
[0;32mI (244) cpu_start: ESP-IDF:          v5.2-dev-2934-g3b748a6cb7-dirty[0m
[0;32mI (251) cpu_start: Min chip rev:     v0.0[0m
[0;32mI (256) cpu_start: Max chip rev:     v3.99 [0m
[0;32mI (261) cpu_start: Chip rev:         v3.0[0m
[0;32mI (266) heap_init: Initializing. RAM available for dynamic allocation:[0m
[0;32mI (273) heap_init: At 3FFAE6E0 len 00001920 (6 KiB): DRAM[0m
[0;32mI (279) heap_init: At 3FFB29C8 len 0002D638 (181 KiB): DRAM[0m
[0;32mI (285) heap_init: At 3FFE0440 len 00003AE0 (14 KiB): D/IRAM[0m
[0;32mI (291) heap_init: At 3FFE4350 len 0001BCB0 (111 KiB): D/IRAM[0m
[0;32mI (298) heap_init: At 4008C2EC len 00013D14 (79 KiB): IRAM[0m
[0;32mI (305) spi_flash: detected chip: generic[0m
[0;32mI (309) spi_flash: flash io: dio[0m
[0;33mW (313) spi_flash: Detected size(4096k) larger than the size in the binary image header(2048k). Using the size in the binary image header.[0m
[0;32mI (326) app_start: Starting scheduler on CPU0[0m
[0;32mI (331) app_start: Starting scheduler on CPU1[0m
[0;32mI (331) main_task: Started on CPU0[0m
[0;32mI (341) main_task: Calling app_main()[0m
[0;32mI (341) gpio: GPIO[4]| InputEn: 1| OutputEn: 0| OpenDrain: 0| Pullup: 1| Pulldown: 1| Intr:1 [0m
[0;32mI (351) gpio: GPIO[36]| InputEn: 1| OutputEn: 0| OpenDrain: 0| Pullup: 1| Pulldown: 1| Intr:1 [0m
[0;31mE (361) gpio: gpio_install_isr_service(505): GPIO isr service already installed[0m
Everything initialized. Waiting for button presses...
[0;32mI (371) main_task: Returned from app_main()[0m

abort() was called at PC 0x4008265f on core 0


Backtrace: 0x40081616:0x3ffb0830 0x40085985:0x3ffb0850 0x4008ac6e:0x3ffb0870 0x4008265f:0x3ffb08e0 0x4008279d:0x3ffb0910 0x40082816:0x3ffb0930 0x400da792:0x3ffb0960 0x400d9ec1:0x3ffb0c80 0x40082c3e:0x3ffb0cd0 0x4008320a:0x3ffb0cf0 0x400832db:0x3ffb0d20 0x40083109:0x3ffb0d50 0x400847bb:0x3ffb5290 0x400d20a7:0x3ffb52b0 0x400865ee:0x3ffb52d0 0x40087df1:0x3ffb52f0




ELF file SHA256: e9ea5842f

Rebooting...
ets Jul 29 2019 12:21:46

rst:0xc (SW_CPU_RESET),boot:0x13 (SPI_FAST_FLASH_BOOT)
configsip: 0, SPIWP:0xee
clk_drv:0x00,q_drv:0x00,d_drv:0x00,cs0_drv:0x00,hd_drv:0x00,wp_drv:0x00
mode:DIO, clock div:2
load:0x3fff0030,len:7136
load:0x40078000,len:15780
ho 0 tail 12 room 4
load:0x40080400,len:4
load:0x40080404,len:3884
entry 0x40080650
[0;32mI (31) boot: ESP-IDF v5.2-dev-2934-g3b748a6cb7 2nd stage bootloader[0m
[0;32mI (31) boot: compile time Sep 20 2023 21:30:21[0m
[0;32mI (33) boot: Multicore bootloader[0m
[0;32mI (37) boot: chip revision: v3.0[0m
[0;32mI (41) boot.esp32: SPI Speed      : 40MHz[0m
[0;32mI (45) boot.esp32: SPI Mode       : DIO[0m
[0;32mI (50) boot.esp32: SPI Flash Size : 2MB[0m
[0;32mI (54) boot: Enabling RNG early entropy source...[0m
[0;32mI (60) boot: Partition Table:[0m
[0;32mI (63) boot: ## Label            Usage          Type ST Offset   Length[0m
[0;32mI (71) boot:  0 nvs              WiFi data        01 02 00009000 00006000[0m
[0;32mI (78) boot:  1 phy_init         RF data          01 01 0000f000 00001000[0m
[0;32mI (86) boot:  2 factory          factory app      00 00 00010000 00100000[0m
[0;32mI (93) boot: End of partition table[0m
[0;32mI (97) esp_image: segment 0: paddr=00010020 vaddr=3f400020 size=0a28ch ( 41612) map[0m
[0;32mI (121) esp_image: segment 1: paddr=0001a2b4 vaddr=3ffb0000 size=0214ch (  8524) load[0m
[0;32mI (125) esp_image: segment 2: paddr=0001c408 vaddr=40080000 size=03c10h ( 15376) load[0m
[0;32mI (133) esp_image: segment 3: paddr=00020020 vaddr=400d0020 size=1514ch ( 86348) map[0m
[0;32mI (166) esp_image: segment 4: paddr=00035174 vaddr=40083c10 size=086dch ( 34524) load[0m
[0;32mI (187) boot: Loaded app from partition at offset 0x10000[0m
[0;32mI (187) boot: Disabling RNG early entropy source...[0m
[0;32mI (199) cpu_start: Multicore app[0m
[0;32mI (199) cpu_start: Pro cpu up.[0m
[0;32mI (199) cpu_start: Starting app cpu, entry point is 0x40081044[0m
[0;32mI (186) cpu_start: App cpu up.[0m
[0;32mI (217) cpu_start: Pro cpu start user code[0m
[0;32mI (217) cpu_start: cpu freq: 160000000 Hz[0m
[0;32mI (217) cpu_start: Application information:[0m
[0;32mI (222) cpu_start: Project name:     ButtonBlink[0m
[0;32mI (227) cpu_start: App version:      58ef3a0-dirty[0m
[0;32mI (233) cpu_start: Compile time:     Sep 21 2023 13:03:25[0m
[0;32mI (239) cpu_start: ELF file SHA256:  e9ea5842f...[0m
[0;32mI (244) cpu_start: ESP-IDF:          v5.2-dev-2934-g3b748a6cb7-dirty[0m
[0;32mI (251) cpu_start: Min chip rev:     v0.0[0m
[0;32mI (256) cpu_start: Max chip rev:     v3.99 [0m
[0;32mI (261) cpu_start: Chip rev:         v3.0[0m
[0;32mI (266) heap_init: Initializing. RAM available for dynamic allocation:[0m
[0;32mI (273) heap_init: At 3FFAE6E0 len 00001920 (6 KiB): DRAM[0m
[0;32mI (279) heap_init: At 3FFB29C8 len 0002D638 (181 KiB): DRAM[0m
[0;32mI (285) heap_init: At 3FFE0440 len 00003AE0 (14 KiB): D/IRAM[0m
[0;32mI (291) heap_init: At 3FFE4350 len 0001BCB0 (111 KiB): D/IRAM[0m
[0;32mI (298) heap_init: At 4008C2EC len 00013D14 (79 KiB): IRAM[0m
[0;32mI (305) spi_flash: detected chip: generic[0m
[0;32mI (309) spi_flash: flash io: dio[0m
[0;33mW (313) spi_flash: Detected size(4096k) larger than the size in the binary image header(2048k). Using the size in the binary image header.[0m
[0;32mI (326) app_start: Starting scheduler on CPU0[0m
[0;32mI (331) app_start: Starting scheduler on CPU1[0m
[0;32mI (331) main_task: Started on CPU0[0m
[0;32mI (341) main_task: Calling app_main()[0m
[0;32mI (341) gpio: GPIO[4]| InputEn: 1| OutputEn: 0| OpenDrain: 0| Pullup: 1| Pulldown: 1| Intr:1 [0m
[0;32mI (351) gpio: GPIO[36]| InputEn: 1| OutputEn: 0| OpenDrain: 0| Pullup: 1| Pulldown: 1| Intr:1 [0m
[0;31mE (361) gpio: gpio_install_isr_service(505): GPIO isr service already installed[0m
Everything initialized. Waiting for button presses...
[0;32mI (371) main_task: Returned from app_main()[0m

abort() was called at PC 0x4008265f on core 0


Backtrace: 0x40081616:0x3ffb0830 0x40085985:0x3ffb0850 0x4008ac6e:0x3ffb0870 0x4008265f:0x3ffb08e0 0x4008279d:0x3ffb0910 0x40082816:0x3ffb0930 0x400da792:0x3ffb0960 0x400d9ec1:0x3ffb0c80 0x40082c3e:0x3ffb0cd0 0x4008320a:0x3ffb0cf0 0x400832db:0x3ffb0d20 0x40083109:0x3ffb0d50 0x400847bb:0x3ffb5290 0x400d20a7:0x3ffb52b0 0x400865ee:0x3ffb52d0 0x40087df1:0x3ffb52f0




ELF file SHA256: e9ea5842f

Rebooting...
ets Jul 29 2019 12:21:46

rst:0xc (SW_CPU_RESET),boot:0x13 (SPI_FAST_FLASH_BOOT)
configsip: 0, SPIWP:0xee
clk_drv:0x00,q_drv:0x00,d_drv:0x00,cs0_drv:0x00,hd_drv:0x00,wp_drv:0x00
mode:DIO, clock div:2
load:0x3fff0030,len:7136
load:0x40078000,len:15780
ho 0 tail 12 room 4
load:0x40080400,len:4
load:0x40080404,len:3884
entry 0x40080650
[0;32mI (31) boot: ESP-IDF v5.2-dev-2934-g3b748a6cb7 2nd stage bootloader[0m
[0;32mI (31) boot: compile time Sep 20 2023 21:30:21[0m
[0;32mI (33) boot: Multicore bootloader[0m
[0;32mI (37) boot: chip revision: v3.0[0m
[0;32mI (41) boot.esp32: SPI Speed      : 40MHz[0m
[0;32mI (45) boot.esp32: SPI Mode       : DIO[0m
[0;32mI (50) boot.esp32: SPI Flash Size : 2MB[0m
[0;32mI (54) boot: Enabling RNG early entropy source...[0m
[0;32mI (60) boot: Partition Table:[0m
[0;32mI (63) boot: ## Label            Usage          Type ST Offset   Length[0m
[0;32mI (71) boot:  0 nvs              WiFi data        01 02 00009000 00006000[0m
[0;32mI (78) boot:  1 phy_init         RF data          01 01 0000f000 00001000[0m
[0;32mI (86) boot:  2 factory          factory app      00 00 00010000 00100000[0m
[0;32mI (93) boot: End of partition table[0m
[0;32mI (97) esp_image: segment 0: paddr=00010020 vaddr=3f400020 size=0a28ch ( 41612) map[0m
[0;32mI (121) esp_image: segment 1: paddr=0001a2b4 vaddr=3ffb0000 size=0214ch (  8524) load[0m
[0;32mI (125) esp_image: segment 2: paddr=0001c408 vaddr=40080000 size=03c10h ( 15376) load[0m
[0;32mI (133) esp_image: segment 3: paddr=00020020 vaddr=400d0020 size=1514ch ( 86348) map[0m
[0;32mI (166) esp_image: segment 4: paddr=00035174 vaddr=40083c10 size=086dch ( 34524) load[0m
[0;32mI (187) boot: Loaded app from partition at offset 0x10000[0m
[0;32mI (187) boot: Disabling RNG early entropy source...[0m
[0;32mI (199) cpu_start: Multicore app[0m
[0;32mI (199) cpu_start: Pro cpu up.[0m
[0;32mI (199) cpu_start: Starting app cpu, entry point is 0x40081044[0m
[0;32mI (186) cpu_start: App cpu up.[0m
[0;32mI (217) cpu_start: Pro cpu start user code[0m
[0;32mI (217) cpu_start: cpu freq: 160000000 Hz[0m
[0;32mI (217) cpu_start: Application information:[0m
[0;32mI (222) cpu_start: Project name:     ButtonBlink[0m
[0;32mI (227) cpu_start: App version:      58ef3a0-dirty[0m
[0;32mI (233) cpu_start: Compile time:     Sep 21 2023 13:03:25[0m
[0;32mI (239) cpu_start: ELF file SHA256:  e9ea5842f...[0m
[0;32mI (244) cpu_start: ESP-IDF:          v5.2-dev-2934-g3b748a6cb7-dirty[0m
[0;32mI (251) cpu_start: Min chip rev:     v0.0[0m
[0;32mI (256) cpu_start: Max chip rev:     v3.99 [0m
[0;32mI (261) cpu_start: Chip rev:         v3.0[0m
[0;32mI (266) heap_init: Initializing. RAM available for dynamic allocation:[0m
[0;32mI (273) heap_init: At 3FFAE6E0 len 00001920 (6 KiB): DRAM[0m
[0;32mI (279) heap_init: At 3FFB29C8 len 0002D638 (181 KiB): DRAM[0m
[0;32mI (285) heap_init: At 3FFE0440 len 00003AE0 (14 KiB): D/IRAM[0m
[0;32mI (291) heap_init: At 3FFE4350 len 0001BCB0 (111 KiB): D/IRAM[0m
[0;32mI (298) heap_init: At 4008C2EC len 00013D14 (79 KiB): IRAM[0m
[0;32mI (305) spi_flash: detected chip: generic[0m
[0;32mI (309) spi_flash: flash io: dio[0m
[0;33mW (313) spi_flash: Detected size(4096k) larger than the size in the binary image header(2048k). Using the size in the binary image header.[0m
[0;32mI (326) app_start: Starting scheduler on CPU0[0m
[0;32mI (331) app_start: Starting scheduler on CPU1[0m
[0;32mI (331) main_task: Started on CPU0[0m
[0;32mI (341) main_task: Calling app_main()[0m
[0;32mI (341) gpio: GPIO[4]| InputEn: 1| OutputEn: 0| OpenDrain: 0| Pullup: 1| Pulldown: 1| Intr:1 [0m
[0;32mI (351) gpio: GPIO[36]| InputEn: 1| OutputEn: 0| OpenDrain: 0| Pullup: 1| Pulldown: 1| Intr:1 [0m
[0;31mE (361) gpio: gpio_install_isr_service(505): GPIO isr service already installed[0m
Everything initialized. Waiting for button presses...
[0;32mI (371) main_task: Returned from app_main()[0m

abort() was called at PC 0x4008265f on core 0


Backtrace: 0x40081616:0x3ffb0830 0x40085985:0x3ffb0850 0x4008ac6e:0x3ffb0870 0x4008265f:0x3ffb08e0 0x4008279d:0x3ffb0910 0x40082816:0x3ffb0930 0x400da792:0x3ffb0960 0x400d9ec1:0x3ffb0c80 0x40082c3e:0x3ffb0cd0 0x4008320a:0x3ffb0cf0 0x400832db:0x3ffb0d20 0x40083109:0x3ffb0d50 0x400847bb:0x3ffb5290 0x400d20a7:0x3ffb52b0 0x400865ee:0x3ffb52d0 0x40087df1:0x3ffb52f0




ELF file SHA256: e9ea5842f

Rebooting...
ets Jul 29 2019 12:21:46

rst:0xc (SW_CPU_RESET),boot:0x13 (SPI_FAST_FLASH_BOOT)
configsip: 0, SPIWP:0xee
clk_drv:0x00,q_drv:0x00,d_drv:0x00,cs0_drv:0x00,hd_drv:0x00,wp_drv:0x00
mode:DIO, clock div:2
load:0x3fff0030,len:7136
load:0x40078000,len:15780
ho 0 tail 12 room 4
load:0x40080400,len:4
load:0x40080404,len:3884
entry 0x40080650
[0;32mI (31) boot: ESP-IDF v5.2-dev-2934-g3b748a6cb7 2nd stage bootloader[0m
[0;32mI (31) boot: compile time Sep 20 2023 21:30:21[0m
[0;32mI (33) boot: Multicore bootloader[0m
[0;32mI (37) boot: chip revision: v3.0[0m
[0;32mI (41) boot.esp32: SPI Speed      : 40MHz[0m
[0;32mI (45) boot.esp32: SPI Mode       : DIO[0m
[0;32mI (50) boot.esp32: SPI Flash Size : 2MB[0m
[0;32mI (54) boot: Enabling RNG early entropy source...[0m
[0;32mI (60) boot: Partition Table:[0m
[0;32mI (63) boot: ## Label            Usage          Type ST Offset   Length[0m
[0;32mI (71) boot:  0 nvs              WiFi data        01 02 00009000 00006000[0m
[0;32mI (78) boot:  1 phy_init         RF data          01 01 0000f000 00001000[0m
[0;32mI (86) boot:  2 factory          factory app      00 00 00010000 00100000[0m
[0;32mI (93) boot: End of partition table[0m
[0;32mI (97) esp_image: segment 0: paddr=00010020 vaddr=3f400020 size=0a28ch ( 41612) map[0m
[0;32mI (121) esp_image: segment 1: paddr=0001a2b4 vaddr=3ffb0000 size=0214ch (  8524) load[0m
[0;32mI (125) esp_image: segment 2: paddr=0001c408 vaddr=40080000 size=03c10h ( 15376) load[0m
[0;32mI (133) esp_image: segment 3: paddr=00020020 vaddr=400d0020 size=1514ch ( 86348) map[0m
[0;32mI (166) esp_image: segment 4: paddr=00035174 vaddr=40083c10 size=086dch ( 34524) load[0m
[0;32mI (187) boot: Loaded app from partition at offset 0x10000[0m
[0;32mI (187) boot: Disabling RNG early entropy source...[0m
[0;32mI (199) cpu_start: Multicore app[0m
[0;32mI (199) cpu_start: Pro cpu up.[0m
[0;32mI (199) cpu_start: Starting app cpu, entry point is 0x40081044[0m
[0;32mI (186) cpu_start: App cpu up.[0m
[0;32mI (217) cpu_start: Pro cpu start user code[0m
[0;32mI (217) cpu_start: cpu freq: 160000000 Hz[0m
[0;32mI (217) cpu_start: Application information:[0m
[0;32mI (222) cpu_start: Project name:     ButtonBlink[0m
[0;32mI (227) cpu_start: App version:      58ef3a0-dirty[0m
[0;32mI (233) cpu_start: Compile time:     Sep 21 2023 13:03:25[0m
[0;32mI (239) cpu_start: ELF file SHA256:  e9ea5842f...[0m
[0;32mI (244) cpu_start: ESP-IDF:          v5.2-dev-2934-g3b748a6cb7-dirty[0m
[0;32mI (251) cpu_start: Min chip rev:     v0.0[0m
[0;32mI (256) cpu_start: Max chip rev:     v3.99 [0m
[0;32mI (261) cpu_start: Chip rev:         v3.0[0m
[0;32mI (266) heap_init: Initializing. RAM available for dynamic allocation:[0m
[0;32mI (273) heap_init: At 3FFAE6E0 len 00001920 (6 KiB): DRAM[0m
[0;32mI (279) heap_init: At 3FFB29C8 len 0002D638 (181 KiB): DRAM[0m
[0;32mI (285) heap_init: At 3FFE0440 len 00003AE0 (14 KiB): D/IRAM[0m
[0;32mI (291) heap_init: At 3FFE4350 len 0001BCB0 (111 KiB): D/IRAM[0m
[0;32mI (298) heap_init: At 4008C2EC len 00013D14 (79 KiB): IRAM[0m
[0;32mI (305) spi_flash: detected chip: generic[0m
[0;32mI (309) spi_flash: flash io: dio[0m
[0;33mW (313) spi_flash: Detected size(4096k) larger than the size in the binary image header(2048k). Using the size in the binary image header.[0m
[0;32mI (326) app_start: Starting scheduler on CPU0[0m
[0;32mI (331) app_start: Starting scheduler on CPU1[0m
[0;32mI (331) main_task: Started on CPU0[0m
[0;32mI (341) main_task: Calling app_main()[0m
[0;32mI (341) gpio: GPIO[4]| InputEn: 1| OutputEn: 0| OpenDrain: 0| Pullup: 1| Pulldown: 1| Intr:1 [0m
[0;32mI (351) gpio: GPIO[36]| InputEn: 1| OutputEn: 0| OpenDrain: 0| Pullup: 1| Pulldown: 1| Intr:1 [0m
[0;31mE (361) gpio: gpio_install_isr_service(505): GPIO isr service already installed[0m
Everything initialized. Waiting for button presses...
[0;32mI (371) main_task: Returned from app_main()[0m
