43mVï¿½ets Jun  8 2016 00:22:57

rst:0x1 (POWERON_RESET),boot:0x13 (SPI_FAST_FLASH_BOOT)
configsip: 0, SPIWP:0xee
clk_drv:0x00,q_drv:0x00,d_drv:0x00,cs0_drv:0x00,hd_drv:0x00,wp_drv:0x00
mode:DIO, clock div:2
load:0x3fff0030,len:7080
load:0x40078000,len:15584
load:0x40080400,len:4
ho 8 tail 4 room 4
load:0x40080404,len:3876
entry 0x4008064c
[0;32mI (31) boot: ESP-IDF v5.1.1 2nd stage bootloader[0m
[0;32mI (31) boot: compile time Sep 20 2023 21:52:18[0m
[0;32mI (31) boot: Multicore bootloader[0m
[0;32mI (35) boot: chip revision: v1.0[0m
[0;32mI (39) boot.esp32: SPI Speed      : 40MHz[0m
[0;32mI (43) boot.esp32: SPI Mode       : DIO[0m
[0;32mI (48) boot.esp32: SPI Flash Size : 2MB[0m
[0;32mI (52) boot: Enabling RNG early entropy source...[0m
[0;32mI (58) boot: Partition Table:[0m
[0;32mI (61) boot: ## Label            Usage          Type ST Offset   Length[0m
[0;32mI (69) boot:  0 nvs              WiFi data        01 02 00009000 00006000[0m
[0;32mI (76) boot:  1 phy_init         RF data          01 01 0000f000 00001000[0m
[0;32mI (83) boot:  2 factory          factory app      00 00 00010000 00100000[0m
[0;32mI (91) boot: End of partition table[0m
[0;32mI (95) esp_image: segment 0: paddr=00010020 vaddr=3f400020 size=0a364h ( 41828) map[0m
[0;32mI (119) esp_image: segment 1: paddr=0001a38c vaddr=3ffb0000 size=02158h (  8536) load[0m
[0;32mI (122) esp_image: segment 2: paddr=0001c4ec vaddr=40080000 size=03b2ch ( 15148) load[0m
[0;32mI (131) esp_image: segment 3: paddr=00020020 vaddr=400d0020 size=16220h ( 90656) map[0m
[0;32mI (166) esp_image: segment 4: paddr=00036248 vaddr=40083b2c size=084b8h ( 33976) load[0m
[0;32mI (186) boot: Loaded app from partition at offset 0x10000[0m
[0;32mI (186) boot: Disabling RNG early entropy source...[0m
[0;32mI (198) cpu_start: Multicore app[0m
[0;32mI (198) cpu_start: Pro cpu up.[0m
[0;32mI (198) cpu_start: Starting app cpu, entry point is 0x400810e8[0m
[0;32mI (0) cpu_start: App cpu up.[0m
[0;32mI (216) cpu_start: Pro cpu start user code[0m
[0;32mI (216) cpu_start: cpu freq: 160000000 Hz[0m
[0;32mI (216) cpu_start: Application information:[0m
[0;32mI (221) cpu_start: Project name:     main[0m
[0;32mI (226) cpu_start: App version:      cf42c42-dirty[0m
[0;32mI (231) cpu_start: Compile time:     Sep 21 2023 13:05:20[0m
[0;32mI (237) cpu_start: ELF file SHA256:  21f40dad45824857...[0m
[0;32mI (243) cpu_start: ESP-IDF:          v5.1.1[0m
[0;32mI (248) cpu_start: Min chip rev:     v0.0[0m
[0;32mI (253) cpu_start: Max chip rev:     v3.99 [0m
[0;32mI (258) cpu_start: Chip rev:         v1.0[0m
[0;32mI (262) heap_init: Initializing. RAM available for dynamic allocation:[0m
[0;32mI (270) heap_init: At 3FFAE6E0 len 00001920 (6 KiB): DRAM[0m
[0;32mI (276) heap_init: At 3FFB29D8 len 0002D628 (181 KiB): DRAM[0m
[0;32mI (282) heap_init: At 3FFE0440 len 00003AE0 (14 KiB): D/IRAM[0m
[0;32mI (288) heap_init: At 3FFE4350 len 0001BCB0 (111 KiB): D/IRAM[0m
[0;32mI (295) heap_init: At 4008BFE4 len 0001401C (80 KiB): IRAM[0m
[0;32mI (302) spi_flash: detected chip: gd[0m
[0;32mI (305) spi_flash: flash io: dio[0m
[0;33mW (309) spi_flash: Detected size(4096k) larger than the size in the binary image header(2048k). Using the size in the binary image header.[0m
[0;33mW (322) ADC: legacy driver is deprecated, please migrate to `esp_adc/adc_oneshot.h`[0m
[0;32mI (331) app_start: Starting scheduler on CPU0[0m
[0;32mI (335) app_start: Starting scheduler on CPU1[0m
[0;32mI (335) main_task: Started on CPU0[0m
[0;32mI (345) main_task: Calling app_main()[0m
eFuse Two Point: NOT supported
eFuse Vref: Supported
[0;32mI (345) gpio: GPIO[13]| InputEn: 0| OutputEn: 0| OpenDrain: 0| Pullup: 1| Pulldown: 0| Intr:0 [0m
Characterized using eFuse Vref
Raw: 2154	Voltage: 1844mV
Raw: 1815	Temp: nan C
[0;32mI (365) main_task: Returned from app_main()[0m
Raw: 2152	Voltage: 1843mV
Raw: 1819	Temp: nan C
Raw: 2161	Voltage: 1850mV
Raw: 1821	Temp: nan C
Raw: 2116	Voltage: 1814mV
Raw: 1823	Temp: nan C
Raw: 2134	Voltage: 1828mV
Raw: 1826	Temp: nan C
Raw: 2082	Voltage: 1787mV
Raw: 1830	Temp: nan C
Raw: 2065	Voltage: 1774mV
Raw: 1831	Temp: nan C
Raw: 2085	Voltage: 1790mV
Raw: 1837	Temp: nan C
Raw: 2079	Voltage: 1785mV
Raw: 1835	Temp: nan C
Raw: 2114	Voltage: 1813mV
Raw: 1839	Temp: nan C
Raw: 2122	Voltage: 1819mV
Raw: 1839	Temp: nan C
Raw: 2118	Voltage: 1816mV
Raw: 1840	Temp: nan C
Raw: 2151	Voltage: 1842mV
Raw: 1844	Temp: nan C
Raw: 2159	Voltage: 1848mV
Raw: 1843	Temp: nan C
Raw: 2162	Voltage: 1851mV
Raw: 1848	Temp: nan C
Raw: 2160	Voltage: 1849mV
Raw: 1851	Temp: nan C
Raw: 2163	Voltage: 1851mV
Raw: 1852	Temp: nan C
Raw: 2145	Voltage: 1837mV
Raw: 1854	Temp: nan C
Raw: 2063	Voltage: 1772mV
Raw: 1856	Temp: nan C
Raw: 2090	Voltage: 1794mV
Raw: 1857	Temp: nan C
Raw: 2051	Voltage: 1763mV
Raw: 1860	Temp: nan C
Raw: 2127	Voltage: 1823mV
Raw: 1862	Temp: nan C
Raw: 2126	Voltage: 1822mV
Raw: 1861	Temp: nan C
Raw: 2127	Voltage: 1823mV
Raw: 1867	Temp: nan C
Raw: 2111	Voltage: 1810mV
Raw: 1868	Temp: nan C
Raw: 2119	Voltage: 1817mV
Raw: 1871	Temp: nan C
Raw: 2124	Voltage: 1820mV
Raw: 1871	Temp: nan C
Raw: 2108	Voltage: 1808mV
Raw: 1873	Temp: nan C
Raw: 2103	Voltage: 1804mV
Raw: 1875	Temp: nan C
Raw: 2111	Voltage: 1810mV
Raw: 1877	Temp: nan C
Raw: 2049	Voltage: 1761mV
Raw: 1879	Temp: nan C
Raw: 2126	Voltage: 1822mV
Raw: 1881	Temp: nan C
Raw: 1683	Voltage: 1472mV
Raw: 1883	Temp: nan C
Raw: 2063	Voltage: 1772mV
Raw: 1886	Temp: nan C
Raw: 1607	Voltage: 1412mV
Raw: 1886	Temp: nan C
Raw: 2011	Voltage: 1731mV
Raw: 1889	Temp: nan C
Raw: 1650	Voltage: 1446mV
Raw: 1888	Temp: nan C
Raw: 1942	Voltage: 1677mV
Raw: 1891	Temp: nan C
Raw: 2030	Voltage: 1746mV
Raw: 1891	Temp: nan C
Raw: 2109	Voltage: 1809mV
Raw: 1891	Temp: nan C
Raw: 2076	Voltage: 1783mV
Raw: 1897	Temp: nan C
Raw: 2081	Voltage: 1787mV
Raw: 1896	Temp: nan C
Raw: 2075	Voltage: 1782mV
Raw: 1896	Temp: nan C
Raw: 2087	Voltage: 1791mV
Raw: 1899	Temp: nan C
Raw: 2147	Voltage: 1839mV
Raw: 1901	Temp: nan C
Raw: 2151	Voltage: 1842mV
Raw: 1898	Temp: nan C
