heï¿½ets Jun  8 2016 00:22:57

rst:0x1 (POWERON_RESET),boot:0x13 (SPI_FAST_FLASH_BOOT)
configsip: 0, SPIWP:0xee
clk_drv:0x00,q_drv:0x00,d_drv:0x00,cs0_drv:0x00,hd_drv:0x00,wp_drv:0x00
mode:DIO, clock div:2
load:0x3fff0030,len:7080
load:0x40078000,len:15584
load:0x40080400,len:4
ho 8 tail 4 room 4
load:0x40080404,len:3876
entry 0x4008064c
[0;32mI (31) boot: ESP-IDF v5.1.1 2nd stage bootloader[0m
[0;32mI (31) boot: compile time Sep 20 2023 21:52:18[0m
[0;32mI (31) boot: Multicore bootloader[0m
[0;32mI (35) boot: chip revision: v1.0[0m
[0;32mI (39) boot.esp32: SPI Speed      : 40MHz[0m
[0;32mI (43) boot.esp32: SPI Mode       : DIO[0m
[0;32mI (48) boot.esp32: SPI Flash Size : 2MB[0m
[0;32mI (52) boot: Enabling RNG early entropy source...[0m
[0;32mI (58) boot: Partition Table:[0m
[0;32mI (61) boot: ## Label            Usage          Type ST Offset   Length[0m
[0;32mI (69) boot:  0 nvs              WiFi data        01 02 00009000 00006000[0m
[0;32mI (76) boot:  1 phy_init         RF data          01 01 0000f000 00001000[0m
[0;32mI (84) boot:  2 factory          factory app      00 00 00010000 00100000[0m
[0;32mI (91) boot: End of partition table[0m
[0;32mI (95) esp_image: segment 0: paddr=00010020 vaddr=3f400020 size=09bach ( 39852) map[0m
[0;32mI (118) esp_image: segment 1: paddr=00019bd4 vaddr=3ffb0000 size=02100h (  8448) load[0m
[0;32mI (122) esp_image: segment 2: paddr=0001bcdc vaddr=40080000 size=0433ch ( 17212) load[0m
[0;32mI (131) esp_image: segment 3: paddr=00020020 vaddr=400d0020 size=14b78h ( 84856) map[0m
[0;32mI (163) esp_image: segment 4: paddr=00034ba0 vaddr=4008433c size=07ca8h ( 31912) load[0m
[0;32mI (183) boot: Loaded app from partition at offset 0x10000[0m
[0;32mI (183) boot: Disabling RNG early entropy source...[0m
[0;32mI (194) cpu_start: Multicore app[0m
[0;32mI (195) cpu_start: Pro cpu up.[0m
[0;32mI (195) cpu_start: Starting app cpu, entry point is 0x400810e8[0m
[0;32mI (0) cpu_start: App cpu up.[0m
[0;32mI (212) cpu_start: Pro cpu start user code[0m
[0;32mI (213) cpu_start: cpu freq: 160000000 Hz[0m
[0;32mI (213) cpu_start: Application information:[0m
[0;32mI (217) cpu_start: Project name:     main[0m
[0;32mI (222) cpu_start: App version:      1d31fe6[0m
[0;32mI (227) cpu_start: Compile time:     Sep 20 2023 21:53:01[0m
[0;32mI (233) cpu_start: ELF file SHA256:  1057cb54fb828d19...[0m
[0;32mI (239) cpu_start: ESP-IDF:          v5.1.1[0m
[0;32mI (244) cpu_start: Min chip rev:     v0.0[0m
[0;32mI (249) cpu_start: Max chip rev:     v3.99 [0m
[0;32mI (253) cpu_start: Chip rev:         v1.0[0m
[0;32mI (258) heap_init: Initializing. RAM available for dynamic allocation:[0m
[0;32mI (266) heap_init: At 3FFAE6E0 len 00001920 (6 KiB): DRAM[0m
[0;32mI (271) heap_init: At 3FFB2980 len 0002D680 (181 KiB): DRAM[0m
[0;32mI (278) heap_init: At 3FFE0440 len 00003AE0 (14 KiB): D/IRAM[0m
[0;32mI (284) heap_init: At 3FFE4350 len 0001BCB0 (111 KiB): D/IRAM[0m
[0;32mI (290) heap_init: At 4008BFE4 len 0001401C (80 KiB): IRAM[0m
[0;32mI (298) spi_flash: detected chip: gd[0m
[0;32mI (301) spi_flash: flash io: dio[0m
[0;33mW (305) spi_flash: Detected size(4096k) larger than the size in the binary image header(2048k). Using the size in the binary image header.[0m
[0;33mW (318) ADC: legacy driver is deprecated, please migrate to `esp_adc/adc_oneshot.h`[0m
[0;32mI (327) app_start: Starting scheduler on CPU0[0m
[0;32mI (331) app_start: Starting scheduler on CPU1[0m
[0;32mI (331) main_task: Started on CPU0[0m
[0;32mI (341) main_task: Calling app_main()[0m
eFuse Two Point: NOT supported
eFuse Vref: Supported
Characterized using eFuse Vref
Raw: 914	Voltage: 864mV
ALARM
[0;32mI (351) main_task: Returned from app_main()[0m
Raw: 879	Voltage: 837mV
ALARM
Raw: 879	Voltage: 837mV
ALARM
Raw: 879	Voltage: 837mV
ALARM
Raw: 877	Voltage: 835mV
ALARM
Raw: 875	Voltage: 833mV
ALARM
Raw: 876	Voltage: 834mV
ALARM
Raw: 874	Voltage: 833mV
ALARM
Raw: 876	Voltage: 834mV
ALARM
Raw: 876	Voltage: 834mV
ALARM
Raw: 874	Voltage: 833mV
ALARM
Raw: 876	Voltage: 834mV
ALARM
Raw: 873	Voltage: 832mV
ALARM
Raw: 874	Voltage: 833mV
ALARM
Raw: 879	Voltage: 837mV
ALARM
Raw: 878	Voltage: 836mV
ALARM
Raw: 877	Voltage: 835mV
ALARM
Raw: 877	Voltage: 835mV
ALARM
Raw: 879	Voltage: 837mV
ALARM
Raw: 878	Voltage: 836mV
ALARM
Raw: 880	Voltage: 837mV
ALARM
Raw: 879	Voltage: 837mV
ALARM
Raw: 878	Voltage: 836mV
ALARM
Raw: 879	Voltage: 837mV
ALARM
Raw: 877	Voltage: 835mV
ALARM
Raw: 876	Voltage: 834mV
ALARM
Raw: 875	Voltage: 833mV
ALARM
Raw: 873	Voltage: 832mV
ALARM
Raw: 873	Voltage: 832mV
ALARM
Raw: 875	Voltage: 833mV
ALARM
Raw: 875	Voltage: 833mV
ALARM
Raw: 880	Voltage: 837mV
ALARM
Raw: 880	Voltage: 837mV
ALARM
Raw: 879	Voltage: 837mV
ALARM
Raw: 880	Voltage: 837mV
ALARM
Raw: 880	Voltage: 837mV
ALARM
Raw: 884	Voltage: 841mV
ALARM
Raw: 890	Voltage: 845mV
ALARM
Raw: 895	Voltage: 849mV
ALARM
Raw: 900	Voltage: 853mV
ALARM
Raw: 910	Voltage: 861mV
ALARM
Raw: 899	Voltage: 852mV
ALARM
Raw: 834	Voltage: 801mV
ALARM
Raw: 818	Voltage: 788mV
ALARM
Raw: 951	Voltage: 894mV
ALARM
Raw: 973	Voltage: 911mV
ALARM
Raw: 744	Voltage: 730mV
ALARM
Raw: 741	Voltage: 728mV
ALARM
Raw: 59	Voltage: 189mV
Raw: 39	Voltage: 173mV
Raw: 39	Voltage: 173mV
Raw: 49	Voltage: 181mV
Raw: 35	Voltage: 170mV
Raw: 45	Voltage: 178mV
Raw: 38	Voltage: 172mV
Raw: 37	Voltage: 171mV
Raw: 46	Voltage: 178mV
Raw: 42	Voltage: 175mV
Raw: 44	Voltage: 177mV
Raw: 43	Voltage: 176mV
Raw: 43	Voltage: 176mV
Raw: 44	Voltage: 177mV
Raw: 35	Voltage: 170mV
Raw: 42	Voltage: 175mV
Raw: 44	Voltage: 177mV
Raw: 48	Voltage: 180mV
Raw: 43	Voltage: 176mV
Raw: 44	Voltage: 177mV
Raw: 36	Voltage: 170mV
Raw: 42	Voltage: 175mV
Raw: 47	Voltage: 179mV
Raw: 43	Voltage: 176mV
Raw: 37	Voltage: 171mV
Raw: 36	Voltage: 170mV
Raw: 44	Voltage: 177mV
Raw: 55	Voltage: 185mV
Raw: 48	Voltage: 180mV
Raw: 44	Voltage: 177mV
Raw: 559	Voltage: 584mV
ALARM
Raw: 852	Voltage: 815mV
ALARM
Raw: 930	Voltage: 877mV
ALARM
Raw: 984	Voltage: 920mV
ALARM
Raw: 988	Voltage: 923mV
ALARM
Raw: 992	Voltage: 926mV
ALARM
Raw: 993	Voltage: 927mV
ALARM
Raw: 996	Voltage: 929mV
ALARM
Raw: 997	Voltage: 930mV
ALARM
Raw: 998	Voltage: 931mV
ALARM
Raw: 998	Voltage: 931mV
ALARM
Raw: 991	Voltage: 925mV
ALARM
Raw: 992	Voltage: 926mV
ALARM
Raw: 985	Voltage: 920mV
ALARM
Raw: 978	Voltage: 915mV
ALARM
Raw: 974	Voltage: 912mV
ALARM
Raw: 966	Voltage: 905mV
ALARM
Raw: 963	Voltage: 903mV
ALARM
Raw: 962	Voltage: 902mV
ALARM
Raw: 961	Voltage: 901mV
ALARM
Raw: 960	Voltage: 901mV
ALARM
Raw: 967	Voltage: 906mV
ALARM
Raw: 974	Voltage: 912mV
ALARM
Raw: 977	Voltage: 914mV
ALARM
Raw: 980	Voltage: 916mV
ALARM
Raw: 985	Voltage: 920mV
ALARM
Raw: 984	Voltage: 920mV
ALARM
Raw: 981	Voltage: 917mV
ALARM
Raw: 980	Voltage: 916mV
ALARM
Raw: 979	Voltage: 916mV
ALARM
Raw: 981	Voltage: 917mV
ALARM
Raw: 976	Voltage: 913mV
ALARM
Raw: 971	Voltage: 909mV
ALARM
Raw: 969	Voltage: 908mV
ALARM
Raw: 967	Voltage: 906mV
ALARM
Raw: 970	Voltage: 909mV
ALARM
Raw: 973	Voltage: 911mV
ALARM
Raw: 977	Voltage: 914mV
ALARM
Raw: 980	Voltage: 916mV
ALARM
Raw: 987	Voltage: 922mV
ALARM
Raw: 992	Voltage: 926mV
ALARM
Raw: 995	Voltage: 928mV
ALARM
Raw: 1004	Voltage: 935mV
ALARM
Raw: 1019	Voltage: 947mV
ALARM
Raw: 1025	Voltage: 952mV
ALARM
Raw: 1027	Voltage: 954mV
ALARM
Raw: 1027	Voltage: 954mV
ALARM
Raw: 894	Voltage: 848mV
ALARM
Raw: 971	Voltage: 909mV
ALARM
Raw: 970	Voltage: 909mV
ALARM
Raw: 966	Voltage: 905mV
ALARM
Raw: 965	Voltage: 905mV
ALARM
Raw: 965	Voltage: 905mV
ALARM
Raw: 967	Voltage: 906mV
ALARM
Raw: 968	Voltage: 907mV
ALARM
Raw: 972	Voltage: 910mV
ALARM
Raw: 975	Voltage: 912mV
ALARM
Raw: 979	Voltage: 916mV
ALARM
Raw: 979	Voltage: 916mV
ALARM
Raw: 979	Voltage: 916mV
ALARM
Raw: 975	Voltage: 912mV
ALARM
Raw: 922	Voltage: 871mV
ALARM
Raw: 820	Voltage: 790mV
ALARM
Raw: 781	Voltage: 759mV
ALARM
Raw: 781	Voltage: 759mV
ALARM
Raw: 779	Voltage: 758mV
ALARM
Raw: 763	Voltage: 745mV
ALARM
Raw: 748	Voltage: 733mV
ALARM
Raw: 882	Voltage: 839mV
ALARM
Raw: 886	Voltage: 842mV
ALARM
Raw: 942	Voltage: 886mV
ALARM
Raw: 1062	Voltage: 981mV
ALARM
Raw: 1067	Voltage: 985mV
ALARM
Raw: 1070	Voltage: 988mV
ALARM
Raw: 1070	Voltage: 988mV
ALARM
Raw: 1072	Voltage: 989mV
ALARM
Raw: 1074	Voltage: 991mV
ALARM
Raw: 1076	Voltage: 992mV
ALARM
Raw: 1088	Voltage: 1002mV
ALARM
Raw: 1119	Voltage: 1026mV
ALARM
Raw: 1119	Voltage: 1026mV
ALARM
Raw: 1121	Voltage: 1028mV
ALARM
Raw: 1118	Voltage: 1026mV
ALARM
Raw: 1117	Voltage: 1025mV
ALARM
Raw: 1118	Voltage: 1026mV
ALARM
Raw: 1116	Voltage: 1024mV
ALARM
Raw: 1116	Voltage: 1024mV
ALARM
Raw: 1116	Voltage: 1024mV
ALARM
Raw: 1116	Voltage: 1024mV
ALARM
Raw: 1117	Voltage: 1025mV
ALARM
Raw: 1118	Voltage: 1026mV
ALARM
Raw: 1118	Voltage: 1026mV
ALARM
Raw: 1119	Voltage: 1026mV
ALARM
Raw: 1119	Voltage: 1026mV
ALARM
Raw: 1120	Voltage: 1027mV
ALARM
Raw: 1120	Voltage: 1027mV
ALARM
Raw: 1122	Voltage: 1029mV
ALARM
Raw: 1122	Voltage: 1029mV
ALARM
Raw: 1124	Voltage: 1030mV
ALARM
Raw: 1124	Voltage: 1030mV
ALARM
Raw: 1126	Voltage: 1032mV
ALARM
Raw: 1125	Voltage: 1031mV
ALARM
Raw: 1124	Voltage: 1030mV
ALARM
Raw: 1124	Voltage: 1030mV
ALARM
Raw: 1123	Voltage: 1029mV
ALARM
Raw: 1122	Voltage: 1029mV
ALARM
Raw: 1121	Voltage: 1028mV
ALARM
Raw: 1120	Voltage: 1027mV
ALARM
Raw: 1118	Voltage: 1026mV
ALARM
Raw: 1116	Voltage: 1024mV
ALARM
Raw: 1117	Voltage: 1025mV
ALARM
Raw: 1116	Voltage: 1024mV
ALARM
Raw: 1112	Voltage: 1021mV
ALARM
Raw: 1109	Voltage: 1018mV
ALARM
Raw: 1108	Voltage: 1018mV
ALARM
Raw: 1109	Voltage: 1018mV
ALARM
Raw: 1119	Voltage: 1026mV
ALARM
Raw: 1128	Voltage: 1033mV
ALARM
Raw: 1128	Voltage: 1033mV
ALARM
Raw: 1129	Voltage: 1034mV
ALARM
Raw: 1129	Voltage: 1034mV
ALARM
Raw: 1131	Voltage: 1036mV
ALARM
Raw: 1132	Voltage: 1037mV
ALARM
Raw: 1133	Voltage: 1037mV
ALARM
Raw: 1132	Voltage: 1037mV
ALARM
Raw: 1132	Voltage: 1037mV
ALARM
Raw: 1132	Voltage: 1037mV
ALARM
Raw: 1134	Voltage: 1038mV
ALARM
Raw: 1135	Voltage: 1039mV
ALARM
Raw: 1136	Voltage: 1040mV
ALARM
Raw: 1137	Voltage: 1041mV
ALARM
Raw: 1140	Voltage: 1043mV
ALARM
Raw: 1142	Voltage: 1044mV
ALARM
Raw: 1141	Voltage: 1044mV
ALARM
Raw: 1130	Voltage: 1035mV
ALARM
Raw: 1124	Voltage: 1030mV
ALARM
Raw: 1116	Voltage: 1024mV
ALARM
Raw: 1115	Voltage: 1023mV
ALARM
Raw: 1114	Voltage: 1022mV
ALARM
Raw: 1115	Voltage: 1023mV
ALARM
Raw: 1116	Voltage: 1024mV
ALARM
Raw: 1114	Voltage: 1022mV
ALARM
Raw: 1116	Voltage: 1024mV
ALARM
Raw: 1115	Voltage: 1023mV
ALARM
Raw: 1114	Voltage: 1022mV
ALARM
Raw: 1118	Voltage: 1026mV
ALARM
Raw: 1113	Voltage: 1022mV
ALARM
Raw: 1108	Voltage: 1018mV
ALARM
Raw: 941	Voltage: 886mV
ALARM
Raw: 920	Voltage: 869mV
ALARM
Raw: 911	Voltage: 862mV
ALARM
Raw: 909	Voltage: 860mV
ALARM
Raw: 907	Voltage: 859mV
ALARM
Raw: 903	Voltage: 856mV
ALARM
Raw: 899	Voltage: 852mV
ALARM
Raw: 895	Voltage: 849mV
ALARM
Raw: 892	Voltage: 847mV
ALARM
Raw: 888	Voltage: 844mV
ALARM
Raw: 883	Voltage: 840mV
ALARM
Raw: 875	Voltage: 833mV
ALARM
Raw: 865	Voltage: 826mV
ALARM
Raw: 859	Voltage: 821mV
ALARM
Raw: 846	Voltage: 811mV
ALARM
Raw: 795	Voltage: 770mV
ALARM
Raw: 758	Voltage: 741mV
ALARM
Raw: 759	Voltage: 742mV
ALARM
Raw: 754	Voltage: 738mV
ALARM
Raw: 735	Voltage: 723mV
ALARM
Raw: 746	Voltage: 732mV
ALARM
Raw: 753	Voltage: 737mV
ALARM
Raw: 746	Voltage: 732mV
ALARM
Raw: 766	Voltage: 747mV
ALARM
Raw: 843	Voltage: 808mV
ALARM
Raw: 857	Voltage: 819mV
ALARM
Raw: 838	Voltage: 804mV
ALARM
Raw: 816	Voltage: 787mV
ALARM
Raw: 687	Voltage: 685mV
ALARM
Raw: 734	Voltage: 722mV
ALARM
Raw: 859	Voltage: 821mV
ALARM
Raw: 906	Voltage: 858mV
ALARM
Raw: 936	Voltage: 882mV
ALARM
Raw: 971	Voltage: 909mV
ALARM
Raw: 1007	Voltage: 938mV
ALARM
Raw: 1031	Voltage: 957mV
ALARM
Raw: 1032	Voltage: 958mV
ALARM
Raw: 1033	Voltage: 958mV
ALARM
Raw: 1034	Voltage: 959mV
ALARM
Raw: 1037	Voltage: 961mV
ALARM
Raw: 1029	Voltage: 955mV
ALARM
Raw: 1022	Voltage: 950mV
ALARM
Raw: 1018	Voltage: 946mV
ALARM
Raw: 1014	Voltage: 943mV
ALARM
Raw: 1011	Voltage: 941mV
ALARM
Raw: 1009	Voltage: 939mV
ALARM
Raw: 1009	Voltage: 939mV
ALARM
Raw: 1011	Voltage: 941mV
ALARM
Raw: 1013	Voltage: 943mV
ALARM
Raw: 1010	Voltage: 940mV
ALARM
Raw: 986	Voltage: 921mV
ALARM
eï¿½ets Jun  8 2016 00:22:57

rst:0x1 (POWERON_RESET),boot:0x13 (SPI_FAST_FLASH_BOOT)
configsip: 0, SPIWP:0xee
clk_drv:0x00,q_drv:0x00,d_drv:0x00,cs0_drv:0x00,hd_drv:0x00,wp_drv:0x00
mode:DIO, clock div:2
load:0x3fff0030,len:7080
load:0x40078000,len:15584
load:0x40080400,len:4
ho 8 tail 4 room 4
load:0x40080404,len:3876
entry 0x4008064c
[0;32mI (61) boot: ESP-IDF v5.1.1 2nd stage bootloader[0m
[0;32mI (61) boot: compile time Sep 20 2023 21:52:18[0m
[0;32mI (61) boot: Multicore bootloader[0m
[0;32mI (66) boot: chip revision: v1.0[0m
[0;32mI (70) boot.esp32: SPI Speed      : 40MHz[0m
[0;32mI (74) boot.esp32: SPI Mode       : DIO[0m
[0;32mI (79) boot.esp32: SPI Flash Size : 2MB[0m
[0;32mI (83) boot: Enabling RNG early entropy source...[0m
[0;32mI (89) boot: Partition Table:[0m
[0;32mI (92) boot: ## Label            Usage          Type ST Offset   Length[0m
[0;32mI (100) boot:  0 nvs              WiFi data        01 02 00009000 00006000[0m
[0;32mI (107) boot:  1 phy_init         RF data          01 01 0000f000 00001000[0m
[0;32mI (115) boot:  2 factory          factory app      00 00 00010000 00100000[0m
[0;32mI (122) boot: End of partition table[0m
[0;32mI (127) esp_image: segment 0: paddr=00010020 vaddr=3f400020 size=09bach ( 39852) map[0m
[0;32mI (150) esp_image: segment 1: paddr=00019bd4 vaddr=3ffb0000 size=02100h (  8448) load[0m
[0;32mI (153) esp_image: segment 2: paddr=0001bcdc vaddr=40080000 size=0433ch ( 17212) load[0m
[0;32mI (163) esp_image: segment 3: paddr=00020020 vaddr=400d0020 size=14b78h ( 84856) map[0m
[0;32mI (194) esp_image: segment 4: paddr=00034ba0 vaddr=4008433c size=07ca8h ( 31912) load[0m
[0;32mI (214) boot: Loaded app from partition at offset 0x10000[0m
[0;32mI (214) boot: Disabling RNG early entropy source...[0m
[0;32mI (226) cpu_start: Multicore app[0m
[0;32mI (226) cpu_start: Pro cpu up.[0m
[0;32mI (226) cpu_start: Starting app cpu, entry point is 0x400810e8[0m
[0;32mI (0) cpu_start: App cpu up.[0m
[0;32mI (244) cpu_start: Pro cpu start user code[0m
[0;32mI (244) cpu_start: cpu freq: 160000000 Hz[0m
[0;32mI (244) cpu_start: Application information:[0m
[0;32mI (249) cpu_start: Project name:     main[0m
[0;32mI (253) cpu_start: App version:      1d31fe6[0m
[0;32mI (258) cpu_start: Compile time:     Sep 20 2023 21:53:01[0m
[0;32mI (264) cpu_start: ELF file SHA256:  1057cb54fb828d19...[0m
[0;32mI (270) cpu_start: ESP-IDF:          v5.1.1[0m
[0;32mI (275) cpu_start: Min chip rev:     v0.0[0m
[0;32mI (280) cpu_start: Max chip rev:     v3.99 [0m
[0;32mI (285) cpu_start: Chip rev:         v1.0[0m
[0;32mI (290) heap_init: Initializing. RAM available for dynamic allocation:[0m
[0;32mI (297) heap_init: At 3FFAE6E0 len 00001920 (6 KiB): DRAM[0m
[0;32mI (303) heap_init: At 3FFB2980 len 0002D680 (181 KiB): DRAM[0m
[0;32mI (309) heap_init: At 3FFE0440 len 00003AE0 (14 KiB): D/IRAM[0m
[0;32mI (315) heap_init: At 3FFE4350 len 0001BCB0 (111 KiB): D/IRAM[0m
[0;32mI (322) heap_init: At 4008BFE4 len 0001401C (80 KiB): IRAM[0m
[0;32mI (329) spi_flash: detected chip: gd[0m
[0;32mI (332) spi_flash: flash io: dio[0m
[0;33mW (336) spi_flash: Detected size(4096k) larger than the size in the binary image header(2048k). Using the size in the binary image header.[0m
[0;33mW (349) ADC: legacy driver is deprecated, please migrate to `esp_adc/adc_oneshot.h`[0m
[0;32mI (358) app_start: Starting scheduler on CPU0[0m
[0;32mI (363) app_start: Starting scheduler on CPU1[0m
[0;32mI (363) main_task: Started on CPU0[0m
[0;32mI (373) main_task: Calling app_main()[0m
eFuse Two Point: NOT supported
eFuse Vref: Supported
Characterized using eFuse Vref
Raw: 820	Voltage: 790mV
ALARM
[0;32mI (383) main_task: Returned from app_main()[0m
Raw: 861	Voltage: 822mV
ALARM
Raw: 860	Voltage: 822mV
ALARM
Raw: 860	Voltage: 822mV
ALARM
Raw: 857	Voltage: 819mV
ALARM
Raw: 862	Voltage: 823mV
ALARM
Raw: 870	Voltage: 830mV
ALARM
Raw: 890	Voltage: 845mV
ALARM
Raw: 906	Voltage: 858mV
ALARM
Raw: 915	Voltage: 865mV
ALARM
Raw: 917	Voltage: 867mV
ALARM
Raw: 921	Voltage: 870mV
ALARM
Raw: 924	Voltage: 872mV
ALARM
Raw: 921	Voltage: 870mV
ALARM
Raw: 920	Voltage: 869mV
ALARM
Raw: 921	Voltage: 870mV
ALARM
Raw: 925	Voltage: 873mV
ALARM
Raw: 932	Voltage: 879mV
ALARM
Raw: 941	Voltage: 886mV
ALARM
Raw: 951	Voltage: 894mV
ALARM
Raw: 958	Voltage: 899mV
ALARM
Raw: 959	Voltage: 900mV
ALARM
Raw: 967	Voltage: 906mV
ALARM
Raw: 982	Voltage: 918mV
ALARM
Raw: 1000	Voltage: 932mV
ALARM
Raw: 1005	Voltage: 936mV
ALARM
Raw: 1005	Voltage: 936mV
ALARM
Raw: 1006	Voltage: 937mV
ALARM
Raw: 1005	Voltage: 936mV
ALARM
Raw: 1007	Voltage: 938mV
ALARM
Raw: 1006	Voltage: 937mV
ALARM
Raw: 1005	Voltage: 936mV
ALARM
Raw: 1003	Voltage: 935mV
ALARM
Raw: 1003	Voltage: 935mV
ALARM
Raw: 1002	Voltage: 934mV
ALARM
Raw: 1003	Voltage: 935mV
ALARM
Raw: 1003	Voltage: 935mV
ALARM
Raw: 1004	Voltage: 935mV
ALARM
Raw: 1004	Voltage: 935mV
ALARM
Raw: 1005	Voltage: 936mV
ALARM
Raw: 1006	Voltage: 937mV
ALARM
Raw: 1005	Voltage: 936mV
ALARM
Raw: 1009	Voltage: 939mV
ALARM
Raw: 1006	Voltage: 937mV
ALARM
Raw: 1008	Voltage: 939mV
ALARM
Raw: 1007	Voltage: 938mV
ALARM
Raw: 1003	Voltage: 935mV
ALARM
Raw: 1015	Voltage: 944mV
ALARM
Raw: 1023	Voltage: 950mV
ALARM
Raw: 1022	Voltage: 950mV
ALARM
Raw: 1026	Voltage: 953mV
ALARM
Raw: 1015	Voltage: 944mV
ALARM
Raw: 1008	Voltage: 939mV
ALARM
Raw: 1009	Voltage: 939mV
ALARM
Raw: 1009	Voltage: 939mV
ALARM
Raw: 1011	Voltage: 941mV
ALARM
Raw: 1014	Voltage: 943mV
ALARM
Raw: 1015	Voltage: 944mV
ALARM
Raw: 1013	Voltage: 943mV
ALARM
Raw: 1014	Voltage: 943mV
ALARM
Raw: 1012	Voltage: 942mV
ALARM
Raw: 1001	Voltage: 933mV
ALARM
Raw: 672	Voltage: 673mV
ALARM
Raw: 246	Voltage: 336mV
Raw: 245	Voltage: 336mV
Raw: 510	Voltage: 545mV
ALARM
Raw: 508	Voltage: 543mV
ALARM
Raw: 400	Voltage: 458mV
Raw: 122	Voltage: 238mV
Raw: 111	Voltage: 230mV
Raw: 124	Voltage: 240mV
Raw: 147	Voltage: 258mV
Raw: 359	Voltage: 426mV
Raw: 304	Voltage: 382mV
Raw: 376	Voltage: 439mV
Raw: 409	Voltage: 465mV
Raw: 361	Voltage: 427mV
Raw: 302	Voltage: 381mV
Raw: 250	Voltage: 340mV
Raw: 237	Voltage: 329mV
Raw: 229	Voltage: 323mV
Raw: 228	Voltage: 322mV
Raw: 209	Voltage: 307mV
Raw: 188	Voltage: 291mV
Raw: 183	Voltage: 287mV
Raw: 351	Voltage: 419mV
Raw: 421	Voltage: 475mV
Raw: 436	Voltage: 487mV
Raw: 355	Voltage: 423mV
Raw: 304	Voltage: 382mV
Raw: 266	Voltage: 352mV
Raw: 236	Voltage: 328mV
Raw: 210	Voltage: 308mV
Raw: 62	Voltage: 191mV
Raw: 175	Voltage: 280mV
Raw: 652	Voltage: 657mV
ALARM
Raw: 989	Voltage: 924mV
ALARM
Raw: 1003	Voltage: 935mV
ALARM
Raw: 977	Voltage: 914mV
ALARM
Raw: 688	Voltage: 686mV
ALARM
Raw: 270	Voltage: 355mV
Raw: 711	Voltage: 704mV
ALARM
Raw: 492	Voltage: 531mV
ALARM
Raw: 543	Voltage: 571mV
ALARM
Raw: 47	Voltage: 179mV
Raw: 18	Voltage: 156mV
Raw: 158	Voltage: 267mV
Raw: 427	Voltage: 479mV
Raw: 453	Voltage: 500mV
ALARM
Raw: 497	Voltage: 535mV
ALARM
Raw: 519	Voltage: 552mV
ALARM
Raw: 526	Voltage: 558mV
ALARM
Raw: 476	Voltage: 518mV
ALARM
Raw: 449	Voltage: 497mV
Raw: 89	Voltage: 212mV
Raw: 1	Voltage: 143mV
Raw: 6	Voltage: 147mV
Raw: 1	Voltage: 143mV
Raw: 0	Voltage: 142mV
Raw: 0	Voltage: 142mV
Raw: 0	Voltage: 142mV
Raw: 0	Voltage: 142mV
Raw: 0	Voltage: 142mV
Raw: 24	Voltage: 161mV
Raw: 85	Voltage: 209mV
Raw: 161	Voltage: 269mV
Raw: 174	Voltage: 280mV
Raw: 198	Voltage: 298mV
Raw: 295	Voltage: 375mV
Raw: 277	Voltage: 361mV
Raw: 268	Voltage: 354mV
Raw: 731	Voltage: 720mV
ALARM
Raw: 979	Voltage: 916mV
ALARM
Raw: 1059	Voltage: 979mV
ALARM
Raw: 1078	Voltage: 994mV
ALARM
Raw: 1051	Voltage: 973mV
ALARM
Raw: 1030	Voltage: 956mV
ALARM
Raw: 1010	Voltage: 940mV
ALARM
Raw: 995	Voltage: 928mV
ALARM
Raw: 1013	Voltage: 943mV
ALARM
Raw: 1040	Voltage: 964mV
ALARM
Raw: 1050	Voltage: 972mV
ALARM
Raw: 756	Voltage: 739mV
ALARM
Raw: 755	Voltage: 739mV
ALARM
Raw: 475	Voltage: 517mV
ALARM
Raw: 248	Voltage: 338mV
Raw: 557	Voltage: 582mV
ALARM
Raw: 260	Voltage: 347mV
Raw: 99	Voltage: 220mV
Raw: 47	Voltage: 179mV
Raw: 161	Voltage: 269mV
Raw: 335	Voltage: 407mV
Raw: 434	Voltage: 485mV
Raw: 433	Voltage: 484mV
Raw: 447	Voltage: 495mV
Raw: 442	Voltage: 491mV
Raw: 456	Voltage: 502mV
ALARM
Raw: 460	Voltage: 506mV
ALARM
Raw: 444	Voltage: 493mV
Raw: 435	Voltage: 486mV
Raw: 302	Voltage: 381mV
Raw: 286	Voltage: 368mV
Raw: 256	Voltage: 344mV
Raw: 53	Voltage: 184mV
Raw: 34	Voltage: 169mV
Raw: 42	Voltage: 175mV
Raw: 42	Voltage: 175mV
Raw: 71	Voltage: 198mV
Raw: 721	Voltage: 712mV
ALARM
Raw: 1009	Voltage: 939mV
ALARM
Raw: 1083	Voltage: 998mV
ALARM
Raw: 1083	Voltage: 998mV
ALARM
Raw: 919	Voltage: 868mV
ALARM
Raw: 964	Voltage: 904mV
ALARM
Raw: 970	Voltage: 909mV
ALARM
Raw: 972	Voltage: 910mV
ALARM
Raw: 976	Voltage: 913mV
ALARM
Raw: 975	Voltage: 912mV
ALARM
Raw: 973	Voltage: 911mV
ALARM
Raw: 974	Voltage: 912mV
ALARM
Raw: 971	Voltage: 909mV
ALARM
Raw: 966	Voltage: 905mV
ALARM
Raw: 962	Voltage: 902mV
ALARM
Raw: 960	Voltage: 901mV
ALARM
Raw: 956	Voltage: 897mV
ALARM
