 0ï¿½ets Jun  8 2016 00:22:57

rst:0x1 (POWERON_RESET),boot:0x13 (SPI_FAST_FLASH_BOOT)
configsip: 0, SPIWP:0xee
clk_drv:0x00,q_drv:0x00,d_drv:0x00,cs0_drv:0x00,hd_drv:0x00,wp_drv:0x00
mode:DIO, clock div:2
load:0x3fff0030,len:7080
load:0x40078000,len:15584
load:0x40080400,len:4
ho 8 tail 4 room 4
load:0x40080404,len:3876
entry 0x4008064c
[0;32mI (31) boot: ESP-IDF v5.1.1 2nd stage bootloader[0m
[0;32mI (31) boot: compile time Sep 20 2023 21:52:18[0m
[0;32mI (31) boot: Multicore bootloader[0m
[0;32mI (35) boot: chip revision: v1.0[0m
[0;32mI (39) boot.esp32: SPI Speed      : 40MHz[0m
[0;32mI (43) boot.esp32: SPI Mode       : DIO[0m
[0;32mI (48) boot.esp32: SPI Flash Size : 2MB[0m
[0;32mI (52) boot: Enabling RNG early entropy source...[0m
[0;32mI (58) boot: Partition Table:[0m
[0;32mI (61) boot: ## Label            Usage          Type ST Offset   Length[0m
[0;32mI (69) boot:  0 nvs              WiFi data        01 02 00009000 00006000[0m
[0;32mI (76) boot:  1 phy_init         RF data          01 01 0000f000 00001000[0m
[0;32mI (84) boot:  2 factory          factory app      00 00 00010000 00100000[0m
[0;32mI (91) boot: End of partition table[0m
[0;32mI (95) esp_image: segment 0: paddr=00010020 vaddr=3f400020 size=0a364h ( 41828) map[0m
[0;32mI (119) esp_image: segment 1: paddr=0001a38c vaddr=3ffb0000 size=02158h (  8536) load[0m
[0;32mI (122) esp_image: segment 2: paddr=0001c4ec vaddr=40080000 size=03b2ch ( 15148) load[0m
[0;32mI (131) esp_image: segment 3: paddr=00020020 vaddr=400d0020 size=16284h ( 90756) map[0m
[0;32mI (166) esp_image: segment 4: paddr=000362ac vaddr=40083b2c size=084b8h ( 33976) load[0m
[0;32mI (186) boot: Loaded app from partition at offset 0x10000[0m
[0;32mI (186) boot: Disabling RNG early entropy source...[0m
[0;32mI (198) cpu_start: Multicore app[0m
[0;32mI (198) cpu_start: Pro cpu up.[0m
[0;32mI (198) cpu_start: Starting app cpu, entry point is 0x400810e8[0m
[0;32mI (0) cpu_start: App cpu up.[0m
[0;32mI (216) cpu_start: Pro cpu start user code[0m
[0;32mI (216) cpu_start: cpu freq: 160000000 Hz[0m
[0;32mI (216) cpu_start: Application information:[0m
[0;32mI (221) cpu_start: Project name:     main[0m
[0;32mI (226) cpu_start: App version:      cf42c42-dirty[0m
[0;32mI (231) cpu_start: Compile time:     Sep 21 2023 13:05:20[0m
[0;32mI (237) cpu_start: ELF file SHA256:  396f6a834179eee2...[0m
[0;32mI (243) cpu_start: ESP-IDF:          v5.1.1[0m
[0;32mI (248) cpu_start: Min chip rev:     v0.0[0m
[0;32mI (253) cpu_start: Max chip rev:     v3.99 [0m
[0;32mI (258) cpu_start: Chip rev:         v1.0[0m
[0;32mI (263) heap_init: Initializing. RAM available for dynamic allocation:[0m
[0;32mI (270) heap_init: At 3FFAE6E0 len 00001920 (6 KiB): DRAM[0m
[0;32mI (276) heap_init: At 3FFB29D8 len 0002D628 (181 KiB): DRAM[0m
[0;32mI (282) heap_init: At 3FFE0440 len 00003AE0 (14 KiB): D/IRAM[0m
[0;32mI (288) heap_init: At 3FFE4350 len 0001BCB0 (111 KiB): D/IRAM[0m
[0;32mI (295) heap_init: At 4008BFE4 len 0001401C (80 KiB): IRAM[0m
[0;32mI (302) spi_flash: detected chip: gd[0m
[0;32mI (305) spi_flash: flash io: dio[0m
[0;33mW (309) spi_flash: Detected size(4096k) larger than the size in the binary image header(2048k). Using the size in the binary image header.[0m
[0;33mW (322) ADC: legacy driver is deprecated, please migrate to `esp_adc/adc_oneshot.h`[0m
[0;32mI (331) app_start: Starting scheduler on CPU0[0m
[0;32mI (336) app_start: Starting scheduler on CPU1[0m
[0;32mI (336) main_task: Started on CPU0[0m
[0;32mI (346) main_task: Calling app_main()[0m
eFuse Two Point: NOT supported
eFuse Vref: Supported
[0;32mI (346) gpio: GPIO[13]| InputEn: 0| OutputEn: 0| OpenDrain: 0| Pullup: 1| Pulldown: 0| Intr:0 [0m
Characterized using eFuse Vref
Raw: 2158	Voltage: 1847mV
Raw: 1877	Temp: 24.615826 C
[0;32mI (366) main_task: Returned from app_main()[0m
Raw: 2150	Voltage: 1841mV
Raw: 1881	Temp: 24.504965 C
Raw: 2123	Voltage: 1820mV
Raw: 1884	Temp: 24.421864 C
Raw: 2113	Voltage: 1812mV
Raw: 1879	Temp: 24.560385 C
Raw: 2123	Voltage: 1820mV
Raw: 1871	Temp: 24.782293 C
Raw: 2124	Voltage: 1820mV
Raw: 1843	Temp: 25.561514 C
Raw: 2126	Voltage: 1822mV
Raw: 1816	Temp: 26.316994 C
Raw: 2127	Voltage: 1823mV
Raw: 1789	Temp: 27.076851 C
Raw: 2124	Voltage: 1820mV
Raw: 1764	Temp: 27.784643 C
Raw: 2124	Voltage: 1820mV
Raw: 1744	Temp: 28.353994 C
Raw: 2120	Voltage: 1817mV
Raw: 1730	Temp: 28.754271 C
Raw: 2124	Voltage: 1820mV
Raw: 1714	Temp: 29.213564 C
Raw: 2126	Voltage: 1822mV
Raw: 1704	Temp: 29.501640 C
Raw: 2129	Voltage: 1824mV
Raw: 1692	Temp: 29.848419 C
Raw: 2165	Voltage: 1853mV
Raw: 1687	Temp: 29.993261 C
Raw: 2160	Voltage: 1849mV
Raw: 1684	Temp: 30.080276 C
Raw: 2161	Voltage: 1850mV
Raw: 1686	Temp: 30.022268 C
Raw: 2158	Voltage: 1847mV
Raw: 1688	Temp: 29.964281 C
Raw: 2157	Voltage: 1847mV
Raw: 1691	Temp: 29.877377 C
Raw: 2156	Voltage: 1846mV
Raw: 1690	Temp: 29.906340 C
Raw: 2160	Voltage: 1849mV
Raw: 1695	Temp: 29.761623 C
Raw: 2158	Voltage: 1847mV
Raw: 1700	Temp: 29.617109 C
Raw: 2160	Voltage: 1849mV
Raw: 1703	Temp: 29.530489 C
Raw: 2159	Voltage: 1848mV
Raw: 1707	Temp: 29.415127 C
Raw: 2160	Voltage: 1849mV
Raw: 1711	Temp: 29.299898 C
Raw: 2158	Voltage: 1847mV
Raw: 1712	Temp: 29.271114 C
Raw: 2162	Voltage: 1851mV
Raw: 1714	Temp: 29.213564 C
Raw: 2165	Voltage: 1853mV
Raw: 1720	Temp: 29.041088 C
Raw: 2084	Voltage: 1789mV
Raw: 1723	Temp: 28.954967 C
Raw: 2106	Voltage: 1806mV
Raw: 1729	Temp: 28.782913 C
Raw: 2103	Voltage: 1804mV
Raw: 1740	Temp: 28.468208 C
Raw: 2111	Voltage: 1810mV
Raw: 1750	Temp: 28.182878 C
Raw: 2108	Voltage: 1808mV
Raw: 1763	Temp: 27.813038 C
Raw: 2109	Voltage: 1809mV
Raw: 1776	Temp: 27.444378 C
Raw: 2105	Voltage: 1805mV
Raw: 1778	Temp: 27.387774 C
Raw: 2107	Voltage: 1807mV
Raw: 1791	Temp: 27.020405 C
Raw: 2103	Voltage: 1804mV
Raw: 1799	Temp: 26.794899 C
Raw: 2102	Voltage: 1803mV
Raw: 1811	Temp: 26.457371 C
Raw: 2058	Voltage: 1768mV
Raw: 1820	Temp: 26.204821 C
