2mIï¿½ets Jun  8 2016 00:22:57

rst:0x1 (POWERON_RESET),boot:0x13 (SPI_FAST_FLASH_BOOT)
configsip: 0, SPIWP:0xee
clk_drv:0x00,q_drv:0x00,d_drv:0x00,cs0_drv:0x00,hd_drv:0x00,wp_drv:0x00
mode:DIO, clock div:2
load:0x3fff0030,len:7080
load:0x40078000,len:15584
load:0x40080400,len:4
ho 8 tail 4 room 4
load:0x40080404,len:3876
entry 0x4008064c
[0;32mI (31) boot: ESP-IDF v5.1.1 2nd stage bootloader[0m
[0;32mI (31) boot: compile time Sep 20 2023 21:52:18[0m
[0;32mI (31) boot: Multicore bootloader[0m
[0;32mI (35) boot: chip revision: v1.0[0m
[0;32mI (39) boot.esp32: SPI Speed      : 40MHz[0m
[0;32mI (43) boot.esp32: SPI Mode       : DIO[0m
[0;32mI (48) boot.esp32: SPI Flash Size : 2MB[0m
[0;32mI (52) boot: Enabling RNG early entropy source...[0m
[0;32mI (58) boot: Partition Table:[0m
[0;32mI (61) boot: ## Label            Usage          Type ST Offset   Length[0m
[0;32mI (69) boot:  0 nvs              WiFi data        01 02 00009000 00006000[0m
[0;32mI (76) boot:  1 phy_init         RF data          01 01 0000f000 00001000[0m
[0;32mI (84) boot:  2 factory          factory app      00 00 00010000 00100000[0m
[0;32mI (91) boot: End of partition table[0m
[0;32mI (95) esp_image: segment 0: paddr=00010020 vaddr=3f400020 size=0a364h ( 41828) map[0m
[0;32mI (119) esp_image: segment 1: paddr=0001a38c vaddr=3ffb0000 size=02158h (  8536) load[0m
[0;32mI (122) esp_image: segment 2: paddr=0001c4ec vaddr=40080000 size=03b2ch ( 15148) load[0m
[0;32mI (131) esp_image: segment 3: paddr=00020020 vaddr=400d0020 size=16234h ( 90676) map[0m
[0;32mI (166) esp_image: segment 4: paddr=0003625c vaddr=40083b2c size=084b8h ( 33976) load[0m
[0;32mI (186) boot: Loaded app from partition at offset 0x10000[0m
[0;32mI (186) boot: Disabling RNG early entropy source...[0m
[0;32mI (198) cpu_start: Multicore app[0m
[0;32mI (198) cpu_start: Pro cpu up.[0m
[0;32mI (198) cpu_start: Starting app cpu, entry point is 0x400810e8[0m
[0;32mI (0) cpu_start: App cpu up.[0m
[0;32mI (216) cpu_start: Pro cpu start user code[0m
[0;32mI (216) cpu_start: cpu freq: 160000000 Hz[0m
[0;32mI (216) cpu_start: Application information:[0m
[0;32mI (221) cpu_start: Project name:     main[0m
[0;32mI (226) cpu_start: App version:      cf42c42-dirty[0m
[0;32mI (231) cpu_start: Compile time:     Sep 21 2023 13:05:20[0m
[0;32mI (237) cpu_start: ELF file SHA256:  0457ff6e57dce9ab...[0m
[0;32mI (243) cpu_start: ESP-IDF:          v5.1.1[0m
[0;32mI (248) cpu_start: Min chip rev:     v0.0[0m
[0;32mI (253) cpu_start: Max chip rev:     v3.99 [0m
[0;32mI (258) cpu_start: Chip rev:         v1.0[0m
[0;32mI (263) heap_init: Initializing. RAM available for dynamic allocation:[0m
[0;32mI (270) heap_init: At 3FFAE6E0 len 00001920 (6 KiB): DRAM[0m
[0;32mI (276) heap_init: At 3FFB29D8 len 0002D628 (181 KiB): DRAM[0m
[0;32mI (282) heap_init: At 3FFE0440 len 00003AE0 (14 KiB): D/IRAM[0m
[0;32mI (288) heap_init: At 3FFE4350 len 0001BCB0 (111 KiB): D/IRAM[0m
[0;32mI (295) heap_init: At 4008BFE4 len 0001401C (80 KiB): IRAM[0m
[0;32mI (302) spi_flash: detected chip: gd[0m
[0;32mI (305) spi_flash: flash io: dio[0m
[0;33mW (309) spi_flash: Detected size(4096k) larger than the size in the binary image header(2048k). Using the size in the binary image header.[0m
[0;33mW (322) ADC: legacy driver is deprecated, please migrate to `esp_adc/adc_oneshot.h`[0m
[0;32mI (331) app_start: Starting scheduler on CPU0[0m
[0;32mI (335) app_start: Starting scheduler on CPU1[0m
[0;32mI (335) main_task: Started on CPU0[0m
[0;32mI (345) main_task: Calling app_main()[0m
eFuse Two Point: NOT supported
eFuse Vref: Supported
[0;32mI (345) gpio: GPIO[13]| InputEn: 0| OutputEn: 0| OpenDrain: 0| Pullup: 1| Pulldown: 0| Intr:0 [0m
Characterized using eFuse Vref
Raw: 2153	Voltage: 1843mV
Raw: 1912	Temp: 25.144136 C
[0;32mI (365) main_task: Returned from app_main()[0m
Raw: 2063	Voltage: 1772mV
Raw: 1913	Temp: 25.175516 C
Raw: 2079	Voltage: 1785mV
Raw: 1915	Temp: 25.206923 C
Raw: 2103	Voltage: 1804mV
Raw: 1911	Temp: 25.112743 C
Raw: 2092	Voltage: 1795mV
Raw: 1870	Temp: 24.111820 C
Raw: 2094	Voltage: 1797mV
Raw: 1832	Temp: 23.178894 C
Raw: 2103	Voltage: 1804mV
Raw: 1795	Temp: 22.281464 C
Raw: 2106	Voltage: 1806mV
Raw: 1768	Temp: 21.603180 C
Raw: 2099	Voltage: 1801mV
Raw: 1743	Temp: 20.988199 C
Raw: 2094	Voltage: 1797mV
Raw: 1738	Temp: 20.865376 C
Raw: 1945	Voltage: 1679mV
Raw: 0	Temp: -38.194695 C
Raw: 2102	Voltage: 1803mV
Raw: 2118	Temp: 30.367990 C
Raw: 2102	Voltage: 1803mV
Raw: 2115	Temp: 30.269539 C
Raw: 2061	Voltage: 1771mV
Raw: 2119	Temp: 30.400822 C
Raw: 2062	Voltage: 1772mV
Raw: 2132	Temp: 30.729784 C
Raw: 2053	Voltage: 1764mV
Raw: 2147	Temp: 31.126076 C
Raw: 2116	Voltage: 1814mV
Raw: 2160	Temp: 31.457605 C
Raw: 2152	Voltage: 1843mV
Raw: 2170	Temp: 31.723711 C
Raw: 2159	Voltage: 1848mV
Raw: 2172	Temp: 31.757030 C
Raw: 2161	Voltage: 1850mV
Raw: 2169	Temp: 31.690397 C
Raw: 2164	Voltage: 1852mV
Raw: 2163	Temp: 31.524050 C
Raw: 2155	Voltage: 1845mV
Raw: 2162	Temp: 31.524050 C
Raw: 2174	Voltage: 1860mV
Raw: 2159	Temp: 31.424395 C
Raw: 2174	Voltage: 1860mV
Raw: 2156	Temp: 31.358015 C
Raw: 2182	Voltage: 1866mV
Raw: 2150	Temp: 31.192289 C
Raw: 2166	Voltage: 1854mV
Raw: 2148	Temp: 31.126076 C
Raw: 2204	Voltage: 1884mV
Raw: 2144	Temp: 31.026831 C
Raw: 2205	Voltage: 1885mV
Raw: 2139	Temp: 30.894705 C
Raw: 2205	Voltage: 1885mV
Raw: 2138	Temp: 30.894705 C
Raw: 2201	Voltage: 1881mV
Raw: 2133	Temp: 30.762737 C
Raw: 2174	Voltage: 1860mV
Raw: 2128	Temp: 30.630968 C
Raw: 2186	Voltage: 1869mV
Raw: 2125	Temp: 30.532261 C
Raw: 2189	Voltage: 1872mV
Raw: 2122	Temp: 30.466528 C
Raw: 2186	Voltage: 1869mV
Raw: 2118	Temp: 30.367990 C
Raw: 2192	Voltage: 1874mV
Raw: 2113	Temp: 30.236757 C
Raw: 2189	Voltage: 1872mV
Raw: 2112	Temp: 30.203983 C
Raw: 2185	Voltage: 1869mV
Raw: 2108	Temp: 30.105703 C
Raw: 2186	Voltage: 1869mV
Raw: 2103	Temp: 29.974825 C
Raw: 2186	Voltage: 1869mV
Raw: 2103	Temp: 29.974825 C
Raw: 2185	Voltage: 1869mV
Raw: 2096	Temp: 29.778837 C
Raw: 2184	Voltage: 1868mV
Raw: 2093	Temp: 29.713579 C
Raw: 2186	Voltage: 1869mV
Raw: 2090	Temp: 29.648369 C
Raw: 2187	Voltage: 1870mV
Raw: 2086	Temp: 29.518099 C
Raw: 2184	Voltage: 1868mV
Raw: 2087	Temp: 29.550640 C
Raw: 2182	Voltage: 1866mV
Raw: 2081	Temp: 29.420498 C
Raw: 2182	Voltage: 1866mV
Raw: 2074	Temp: 29.225567 C
Raw: 2181	Voltage: 1866mV
Raw: 2076	Temp: 29.290508 C
Raw: 2181	Voltage: 1866mV
Raw: 2071	Temp: 29.160673 C
Raw: 2182	Voltage: 1866mV
Raw: 2069	Temp: 29.095808 C
