: 0|ï¿½[0;32mI (13) boot: ESP-IDF v5.1.1 2nd stage bootloader[0m
[0;32mI (13) boot: compile time Sep 20 2023 21:52:18[0m
[0;32mI (13) boot: Multicore bootloader[0m
[0;32mI (16) boot: chip revision: v1.0[0m
[0;32mI (20) boot.esp32: SPI Speed      : 40MHz[0m
[0;32mI (25) boot.esp32: SPI Mode       : DIO[0m
[0;32mI (29) boot.esp32: SPI Flash Size : 2MB[0m
[0;32mI (34) boot: Enabling RNG early entropy source...[0m
[0;32mI (39) boot: Partition Table:[0m
[0;32mI (43) boot: ## Label            Usage          Type ST Offset   Length[0m
[0;32mI (50) boot:  0 nvs              WiFi data        01 02 00009000 00006000[0m
[0;32mI (58) boot:  1 phy_init         RF data          01 01 0000f000 00001000[0m
[0;32mI (65) boot:  2 factory          factory app      00 00 00010000 00100000[0m
[0;32mI (73) boot: End of partition table[0m
[0;32mI (77) esp_image: segment 0: paddr=00010020 vaddr=3f400020 size=0a534h ( 42292) map[0m
[0;32mI (100) esp_image: segment 1: paddr=0001a55c vaddr=3ffb0000 size=02158h (  8536) load[0m
[0;32mI (104) esp_image: segment 2: paddr=0001c6bc vaddr=40080000 size=0395ch ( 14684) load[0m
[0;32mI (112) esp_image: segment 3: paddr=00020020 vaddr=400d0020 size=167a8h ( 92072) map[0m
[0;32mI (148) esp_image: segment 4: paddr=000367d0 vaddr=4008395c size=0883ch ( 34876) load[0m
[0;32mI (169) boot: Loaded app from partition at offset 0x10000[0m
[0;32mI (169) boot: Disabling RNG early entropy source...[0m
[0;32mI (180) cpu_start: Multicore app[0m
[0;32mI (181) cpu_start: Pro cpu up.[0m
[0;32mI (181) cpu_start: Starting app cpu, entry point is 0x400810f0[0m
[0;32mI (0) cpu_start: App cpu up.[0m
[0;32mI (199) cpu_start: Pro cpu start user code[0m
[0;32mI (199) cpu_start: cpu freq: 160000000 Hz[0m
[0;32mI (199) cpu_start: Application information:[0m
[0;32mI (204) cpu_start: Project name:     main[0m
[0;32mI (208) cpu_start: App version:      f2c9aea-dirty[0m
[0;32mI (214) cpu_start: Compile time:     Sep 21 2023 13:55:56[0m
[0;32mI (220) cpu_start: ELF file SHA256:  2f7d57148900c41a...[0m
[0;32mI (226) cpu_start: ESP-IDF:          v5.1.1[0m
[0;32mI (231) cpu_start: Min chip rev:     v0.0[0m
[0;32mI (235) cpu_start: Max chip rev:     v3.99 [0m
[0;32mI (240) cpu_start: Chip rev:         v1.0[0m
[0;32mI (245) heap_init: Initializing. RAM available for dynamic allocation:[0m
[0;32mI (252) heap_init: At 3FFAE6E0 len 00001920 (6 KiB): DRAM[0m
[0;32mI (258) heap_init: At 3FFB29E8 len 0002D618 (181 KiB): DRAM[0m
[0;32mI (264) heap_init: At 3FFE0440 len 00003AE0 (14 KiB): D/IRAM[0m
[0;32mI (271) heap_init: At 3FFE4350 len 0001BCB0 (111 KiB): D/IRAM[0m
[0;32mI (277) heap_init: At 4008C198 len 00013E68 (79 KiB): IRAM[0m
[0;32mI (285) spi_flash: detected chip: gd[0m
[0;32mI (288) spi_flash: flash io: dio[0m
[0;33mW (291) spi_flash: Detected size(4096k) larger than the size in the binary image header(2048k). Using the size in the binary image header.[0m
[0;33mW (305) ADC: legacy driver is deprecated, please migrate to `esp_adc/adc_oneshot.h`[0m
[0;32mI (313) app_start: Starting scheduler on CPU0[0m
[0;32mI (318) app_start: Starting scheduler on CPU1[0m
[0;32mI (318) main_task: Started on CPU0[0m
[0;32mI (328) main_task: Calling app_main()[0m
eFuse Two Point: NOT supported
eFuse Vref: Supported
[0;32mI (328) gpio: GPIO[13]| InputEn: 0| OutputEn: 0| OpenDrain: 0| Pullup: 1| Pulldown: 0| Intr:0 [0m
[0;32mI (338) gpio: GPIO[12]| InputEn: 0| OutputEn: 0| OpenDrain: 0| Pullup: 1| Pulldown: 0| Intr:0 [0m
[0;32mI (348) gpio: GPIO[15]| InputEn: 0| OutputEn: 0| OpenDrain: 0| Pullup: 1| Pulldown: 0| Intr:0 [0m
[0;32mI (358) gpio: GPIO[39]| InputEn: 0| OutputEn: 0| OpenDrain: 0| Pullup: 1| Pulldown: 0| Intr:0 [0m
[0;32mI (368) gpio: GPIO[4]| InputEn: 1| OutputEn: 0| OpenDrain: 0| Pullup: 1| Pulldown: 1| Intr:1 [0m
Characterized using eFuse Vref
Button Pressed: 0   Temperature: 0.000000   Photoresistor Voltage: 0
[0;32mI (398) main_task: Returned from app_main()[0m
Button Pressed: 0   Temperature: 22.384535   Photoresistor Voltage: 1691
LIGHT DETECTED
Button Pressed: 1   Temperature: 22.439310   Photoresistor Voltage: 1685
LIGHT DETECTED
PRESSURE PLATE DETECTED
Button Pressed: 1   Temperature: 22.384535   Photoresistor Voltage: 1748
LIGHT DETECTED
PRESSURE PLATE DETECTED
Button Pressed: 1   Temperature: 22.302389   Photoresistor Voltage: 1545
LIGHT DETECTED
PRESSURE PLATE DETECTED
RESET PRESSURE PLATE
Button Pressed: 0   Temperature: 22.439310   Photoresistor Voltage: 1738
LIGHT DETECTED
Button Pressed: 0   Temperature: 22.411921   Photoresistor Voltage: 1743
LIGHT DETECTED
Button Pressed: 1   Temperature: 22.165575   Photoresistor Voltage: 1723
LIGHT DETECTED
PRESSURE PLATE DETECTED
RESET PRESSURE PLATE
Button Pressed: 0   Temperature: 22.439310   Photoresistor Voltage: 1772
LIGHT DETECTED
Button Pressed: 0   Temperature: 22.466705   Photoresistor Voltage: 362
Button Pressed: 0   Temperature: 22.548903   Photoresistor Voltage: 404
Button Pressed: 0   Temperature: 22.384535   Photoresistor Voltage: 1771
LIGHT DETECTED
Button Pressed: 0   Temperature: 22.466705   Photoresistor Voltage: 1753
LIGHT DETECTED
Button Pressed: 0   Temperature: 22.905500   Photoresistor Voltage: 1764
LIGHT DETECTED
Button Pressed: 0   Temperature: 24.228132   Photoresistor Voltage: 1760
LIGHT DETECTED
Button Pressed: 0   Temperature: 25.589428   Photoresistor Voltage: 1768
LIGHT DETECTED
Button Pressed: 0   Temperature: 26.654165   Photoresistor Voltage: 1773
LIGHT DETECTED
Button Pressed: 0   Temperature: 27.501024   Photoresistor Voltage: 1772
HEAT DETECTED
LIGHT DETECTED
Button Pressed: 0   Temperature: 28.353994   Photoresistor Voltage: 1771
HEAT DETECTED
LIGHT DETECTED
Button Pressed: 0   Temperature: 28.754271   Photoresistor Voltage: 1794
HEAT DETECTED
LIGHT DETECTED
Button Pressed: 0   Temperature: 28.983669   Photoresistor Voltage: 1785
HEAT DETECTED
LIGHT DETECTED
Button Pressed: 0   Temperature: 28.983669   Photoresistor Voltage: 1772
HEAT DETECTED
LIGHT DETECTED
Button Pressed: 0   Temperature: 28.926270   Photoresistor Voltage: 1770
HEAT DETECTED
LIGHT DETECTED
Button Pressed: 0   Temperature: 28.840235   Photoresistor Voltage: 1756
HEAT DETECTED
LIGHT DETECTED
Button Pressed: 0   Temperature: 28.725634   Photoresistor Voltage: 1764
HEAT DETECTED
LIGHT DETECTED
Button Pressed: 0   Temperature: 28.525349   Photoresistor Voltage: 1766
HEAT DETECTED
LIGHT DETECTED
Button Pressed: 0   Temperature: 28.468208   Photoresistor Voltage: 1767
HEAT DETECTED
LIGHT DETECTED
Button Pressed: 0   Temperature: 28.353994   Photoresistor Voltage: 1768
HEAT DETECTED
LIGHT DETECTED
Button Pressed: 0   Temperature: 28.296921   Photoresistor Voltage: 1747
HEAT DETECTED
LIGHT DETECTED
Button Pressed: 0   Temperature: 28.211370   Photoresistor Voltage: 1722
HEAT DETECTED
LIGHT DETECTED
Button Pressed: 0   Temperature: 28.097435   Photoresistor Voltage: 1774
HEAT DETECTED
LIGHT DETECTED
Button Pressed: 0   Temperature: 27.898277   Photoresistor Voltage: 1769
HEAT DETECTED
LIGHT DETECTED
Button Pressed: 0   Temperature: 27.813038   Photoresistor Voltage: 1766
HEAT DETECTED
LIGHT DETECTED
Button Pressed: 0   Temperature: 27.699488   Photoresistor Voltage: 1764
HEAT DETECTED
LIGHT DETECTED
Button Pressed: 0   Temperature: 27.586044   Photoresistor Voltage: 1762
HEAT DETECTED
LIGHT DETECTED
Button Pressed: 0   Temperature: 27.472710   Photoresistor Voltage: 1760
HEAT DETECTED
LIGHT DETECTED
Button Pressed: 0   Temperature: 27.274607   Photoresistor Voltage: 1761
HEAT DETECTED
LIGHT DETECTED
Button Pressed: 0   Temperature: 27.189825   Photoresistor Voltage: 1767
HEAT DETECTED
LIGHT DETECTED
Button Pressed: 0   Temperature: 27.020405   Photoresistor Voltage: 1781
HEAT DETECTED
LIGHT DETECTED
Button Pressed: 0   Temperature: 26.879417   Photoresistor Voltage: 1781
LIGHT DETECTED
Button Pressed: 0   Temperature: 26.794899   Photoresistor Voltage: 1781
LIGHT DETECTED
Button Pressed: 0   Temperature: 26.710430   Photoresistor Voltage: 1756
LIGHT DETECTED
Button Pressed: 0   Temperature: 26.682283   Photoresistor Voltage: 1768
LIGHT DETECTED
Button Pressed: 0   Temperature: 26.654165   Photoresistor Voltage: 1782
LIGHT DETECTED
Button Pressed: 0   Temperature: 26.569775   Photoresistor Voltage: 1776
LIGHT DETECTED
Button Pressed: 0   Temperature: 26.597898   Photoresistor Voltage: 1773
LIGHT DETECTED
Button Pressed: 0   Temperature: 26.541676   Photoresistor Voltage: 1705
LIGHT DETECTED
Button Pressed: 0   Temperature: 26.485474   Photoresistor Voltage: 1659
LIGHT DETECTED
Button Pressed: 0   Temperature: 26.485474   Photoresistor Voltage: 1670
LIGHT DETECTED
Button Pressed: 0   Temperature: 26.429293   Photoresistor Voltage: 1689
LIGHT DETECTED
Button Pressed: 0   Temperature: 26.373133   Photoresistor Voltage: 1625
LIGHT DETECTED
Button Pressed: 0   Temperature: 26.288942   Photoresistor Voltage: 1658
LIGHT DETECTED
Button Pressed: 0   Temperature: 26.260897   Photoresistor Voltage: 1723
LIGHT DETECTED
