: 21ï¿½ets Jun  8 2016 00:22:57

rst:0x1 (POWERON_RESET),boot:0x13 (SPI_FAST_FLASH_BOOT)
configsip: 0, SPIWP:0xee
clk_drv:0x00,q_drv:0x00,d_drv:0x00,cs0_drv:0x00,hd_drv:0x00,wp_drv:0x00
mode:DIO, clock div:2
load:0x3fff0030,len:7080
load:0x40078000,len:15584
load:0x40080400,len:4
ho 8 tail 4 room 4
load:0x40080404,len:3876
entry 0x4008064c
[0;32mI (31) boot: ESP-IDF v5.1.1 2nd stage bootloader[0m
[0;32mI (31) boot: compile time Sep 20 2023 21:52:18[0m
[0;32mI (31) boot: Multicore bootloader[0m
[0;32mI (35) boot: chip revision: v1.0[0m
[0;32mI (39) boot.esp32: SPI Speed      : 40MHz[0m
[0;32mI (43) boot.esp32: SPI Mode       : DIO[0m
[0;32mI (48) boot.esp32: SPI Flash Size : 2MB[0m
[0;32mI (52) boot: Enabling RNG early entropy source...[0m
[0;32mI (58) boot: Partition Table:[0m
[0;32mI (61) boot: ## Label            Usage          Type ST Offset   Length[0m
[0;32mI (69) boot:  0 nvs              WiFi data        01 02 00009000 00006000[0m
[0;32mI (76) boot:  1 phy_init         RF data          01 01 0000f000 00001000[0m
[0;32mI (84) boot:  2 factory          factory app      00 00 00010000 00100000[0m
[0;32mI (91) boot: End of partition table[0m
[0;32mI (95) esp_image: segment 0: paddr=00010020 vaddr=3f400020 size=0a364h ( 41828) map[0m
[0;32mI (119) esp_image: segment 1: paddr=0001a38c vaddr=3ffb0000 size=02158h (  8536) load[0m
[0;32mI (122) esp_image: segment 2: paddr=0001c4ec vaddr=40080000 size=03b2ch ( 15148) load[0m
[0;32mI (131) esp_image: segment 3: paddr=00020020 vaddr=400d0020 size=16238h ( 90680) map[0m
[0;32mI (166) esp_image: segment 4: paddr=00036260 vaddr=40083b2c size=084b8h ( 33976) load[0m
[0;32mI (186) boot: Loaded app from partition at offset 0x10000[0m
[0;32mI (186) boot: Disabling RNG early entropy source...[0m
[0;32mI (198) cpu_start: Multicore app[0m
[0;32mI (198) cpu_start: Pro cpu up.[0m
[0;32mI (198) cpu_start: Starting app cpu, entry point is 0x400810e8[0m
[0;32mI (0) cpu_start: App cpu up.[0m
[0;32mI (216) cpu_start: Pro cpu start user code[0m
[0;32mI (216) cpu_start: cpu freq: 160000000 Hz[0m
[0;32mI (216) cpu_start: Application information:[0m
[0;32mI (221) cpu_start: Project name:     main[0m
[0;32mI (226) cpu_start: App version:      cf42c42-dirty[0m
[0;32mI (231) cpu_start: Compile time:     Sep 21 2023 13:05:20[0m
[0;32mI (237) cpu_start: ELF file SHA256:  db15aa318ce92d37...[0m
[0;32mI (243) cpu_start: ESP-IDF:          v5.1.1[0m
[0;32mI (248) cpu_start: Min chip rev:     v0.0[0m
[0;32mI (253) cpu_start: Max chip rev:     v3.99 [0m
[0;32mI (258) cpu_start: Chip rev:         v1.0[0m
[0;32mI (263) heap_init: Initializing. RAM available for dynamic allocation:[0m
[0;32mI (270) heap_init: At 3FFAE6E0 len 00001920 (6 KiB): DRAM[0m
[0;32mI (276) heap_init: At 3FFB29D8 len 0002D628 (181 KiB): DRAM[0m
[0;32mI (282) heap_init: At 3FFE0440 len 00003AE0 (14 KiB): D/IRAM[0m
[0;32mI (288) heap_init: At 3FFE4350 len 0001BCB0 (111 KiB): D/IRAM[0m
[0;32mI (295) heap_init: At 4008BFE4 len 0001401C (80 KiB): IRAM[0m
[0;32mI (302) spi_flash: detected chip: gd[0m
[0;32mI (305) spi_flash: flash io: dio[0m
[0;33mW (309) spi_flash: Detected size(4096k) larger than the size in the binary image header(2048k). Using the size in the binary image header.[0m
[0;33mW (322) ADC: legacy driver is deprecated, please migrate to `esp_adc/adc_oneshot.h`[0m
[0;32mI (331) app_start: Starting scheduler on CPU0[0m
[0;32mI (336) app_start: Starting scheduler on CPU1[0m
[0;32mI (336) main_task: Started on CPU0[0m
[0;32mI (346) main_task: Calling app_main()[0m
eFuse Two Point: NOT supported
eFuse Vref: Supported
[0;32mI (346) gpio: GPIO[13]| InputEn: 0| OutputEn: 0| OpenDrain: 0| Pullup: 1| Pulldown: 0| Intr:0 [0m
Characterized using eFuse Vref
Raw: 2124	Voltage: 1820mV
Raw: 2088	Temp: 20.650568 C
[0;32mI (366) main_task: Returned from app_main()[0m
Raw: 2149	Voltage: 1840mV
Raw: 2087	Temp: 20.681250 C
Raw: 2135	Voltage: 1829mV
Raw: 2090	Temp: 20.589224 C
Raw: 2140	Voltage: 1833mV
Raw: 2109	Temp: 20.129515 C
Raw: 2134	Voltage: 1828mV
Raw: 2130	Temp: 19.639833 C
Raw: 2138	Voltage: 1832mV
Raw: 2149	Temp: 19.181339 C
Raw: 2147	Voltage: 1839mV
Raw: 2163	Temp: 18.845400 C
Raw: 2135	Voltage: 1829mV
Raw: 2175	Temp: 18.540190 C
Raw: 2118	Voltage: 1816mV
Raw: 2178	Temp: 18.479170 C
Raw: 2122	Voltage: 1819mV
Raw: 2172	Temp: 18.631729 C
Raw: 2111	Voltage: 1810mV
Raw: 2165	Temp: 18.784349 C
Raw: 2100	Voltage: 1802mV
Raw: 2160	Temp: 18.906454 C
Raw: 2092	Voltage: 1795mV
Raw: 2157	Temp: 18.967535 C
Raw: 2108	Voltage: 1808mV
Raw: 4095	Temp: -33.926975 C
Raw: 2096	Voltage: 1798mV
Raw: 4095	Temp: -33.926975 C
Raw: 2096	Voltage: 1798mV
Raw: 0	Temp: 134.897003 C
Raw: 2078	Voltage: 1784mV
Raw: 1713	Temp: 29.974825 C
Raw: 2145	Voltage: 1837mV
Raw: 1716	Temp: 29.909439 C
Raw: 2139	Voltage: 1832mV
Raw: 1718	Temp: 29.844124 C
Raw: 2066	Voltage: 1775mV
Raw: 1706	Temp: 30.171194 C
Raw: 2076	Voltage: 1783mV
Raw: 1684	Temp: 30.729784 C
Raw: 2088	Voltage: 1792mV
Raw: 1669	Temp: 31.126076 C
Raw: 2135	Voltage: 1829mV
Raw: 1656	Temp: 31.457605 C
Raw: 2152	Voltage: 1843mV
Raw: 1653	Temp: 31.557306 C
Raw: 2129	Voltage: 1824mV
Raw: 1657	Temp: 31.457605 C
Raw: 2119	Voltage: 1817mV
Raw: 1659	Temp: 31.391212 C
Raw: 2082	Voltage: 1787mV
Raw: 1667	Temp: 31.192289 C
Raw: 2085	Voltage: 1790mV
Raw: 1673	Temp: 31.026831 C
Raw: 2078	Voltage: 1784mV
Raw: 1678	Temp: 30.894705 C
Raw: 2037	Voltage: 1752mV
Raw: 1683	Temp: 30.762737 C
Raw: 2107	Voltage: 1807mV
Raw: 1690	Temp: 30.565149 C
Raw: 2093	Voltage: 1796mV
Raw: 1694	Temp: 30.466528 C
Raw: 2090	Voltage: 1794mV
Raw: 1697	Temp: 30.400822 C
Raw: 2082	Voltage: 1787mV
Raw: 1704	Temp: 30.203983 C
Raw: 2087	Voltage: 1791mV
Raw: 1708	Temp: 30.105703 C
Raw: 2087	Voltage: 1791mV
Raw: 1711	Temp: 30.040239 C
Raw: 2170	Voltage: 1857mV
Raw: 1714	Temp: 29.974825 C
Raw: 2162	Voltage: 1851mV
Raw: 1719	Temp: 29.844124 C
Raw: 2168	Voltage: 1855mV
Raw: 1723	Temp: 29.713579 C
Raw: 2192	Voltage: 1874mV
Raw: 1724	Temp: 29.713579 C
Raw: 2189	Voltage: 1872mV
Raw: 1727	Temp: 29.615786 C
Raw: 2159	Voltage: 1848mV
Raw: 1730	Temp: 29.550640 C
Raw: 2177	Voltage: 1862mV
Raw: 1734	Temp: 29.453016 C
Raw: 2180	Voltage: 1865mV
Raw: 1738	Temp: 29.355478 C
Raw: 2181	Voltage: 1866mV
Raw: 1740	Temp: 29.290508 C
Raw: 2182	Voltage: 1866mV
Raw: 1741	Temp: 29.258022 C
Raw: 2181	Voltage: 1866mV
Raw: 1747	Temp: 29.095808 C
Raw: 2185	Voltage: 1869mV
Raw: 1748	Temp: 29.095808 C
Raw: 2186	Voltage: 1869mV
Raw: 1751	Temp: 28.998606 C
Raw: 2182	Voltage: 1866mV
Raw: 1754	Temp: 28.933853 C
Raw: 2185	Voltage: 1869mV
Raw: 1755	Temp: 28.901487 C
Raw: 2189	Voltage: 1872mV
Raw: 1762	Temp: 28.739824 C
Raw: 2187	Voltage: 1870mV
Raw: 1762	Temp: 28.739824 C
